******************************************************************************
                  TI ARM Linker PC v18.12.4                    
******************************************************************************
>> Linked Thu Apr 30 21:03:53 2020

OUTPUT FILE NAME:   <Judit Aubets.out>
ENTRY POINT SYMBOL: "_c_int00_noargs"  address: 00000e69


MEMORY CONFIGURATION

         name            origin    length      used     unused   attr    fill
----------------------  --------  ---------  --------  --------  ----  --------
  MAIN                  00000000   00040000  00000f0a  0003f0f6  R  X
  INFO                  00200000   00004000  00000000  00004000  R  X
  SRAM_CODE             01000000   00010000  0000021c  0000fde4  RW X
  SRAM_DATA             20000000   00010000  0000021c  0000fde4  RW  


SEGMENT ALLOCATION MAP

run origin  load origin   length   init length attrs members
----------  ----------- ---------- ----------- ----- -------
00000000    00000000    00000f10   00000f10    r-x
  00000000    00000000    000000e4   000000e4    r-- .intvecs
  000000e4    000000e4    00000e06   00000e06    r-x .text
  00000ef0    00000ef0    00000020   00000020    r-- .cinit
20000000    20000000    0000001c   00000000    rw-
  20000000    20000000    0000001c   00000000    rw- .data
2000fe00    2000fe00    00000200   00000000    rw-
  2000fe00    2000fe00    00000200   00000000    rw- .stack


SECTION ALLOCATION MAP

 output                                  attributes/
section   page    origin      length       input sections
--------  ----  ----------  ----------   ----------------
.intvecs   0    00000000    000000e4     
                  00000000    000000e4     startup_msp432p401r_ccs.obj (.intvecs:retain)

.text      0    000000e4    00000e06     
                  000000e4    00000908     move_motors.obj (.text)
                  000009ec    00000334     system_msp432p401r.obj (.text)
                  00000d20    0000009c     rtsv7M4_T_le_v4SPD16_eabi.lib : memcpy_t2.asm.obj (.text)
                  00000dbc    00000068                                   : copy_decompress_lzss.c.obj (.text:decompress:lzss:__TI_decompress_lzss)
                  00000e24    00000044                                   : autoinit.c.obj (.text:__TI_auto_init_nobinit_nopinit:__TI_auto_init_nobinit_nopinit)
                  00000e68    00000034                                   : boot_cortex_m.c.obj (.text:_c_int00_noargs:_c_int00_noargs)
                  00000e9c    0000002a     main.obj (.text)
                  00000ec6    0000000e     rtsv7M4_T_le_v4SPD16_eabi.lib : copy_decompress_none.c.obj (.text:decompress:none:__TI_decompress_none)
                  00000ed4    0000000e     startup_msp432p401r_ccs.obj (.text)
                  00000ee2    00000004     rtsv7M4_T_le_v4SPD16_eabi.lib : pre_init.c.obj (.text:_system_pre_init)
                  00000ee6    00000004                                   : exit.c.obj (.text:abort:abort)

.cinit     0    00000ef0    00000020     
                  00000ef0    0000000d     (.cinit..data.load) [load image, compression = lzss]
                  00000efd    00000003     --HOLE-- [fill = 0]
                  00000f00    00000008     (__TI_handler_table)
                  00000f08    00000008     (__TI_cinit_table)

.init_array 
*          0    00000000    00000000     UNINITIALIZED

.binit     0    00000000    00000000     

.data      0    20000000    0000001c     UNINITIALIZED
                  20000000    00000018     move_motors.obj (.data)
                  20000018    00000004     system_msp432p401r.obj (.data)

.stack     0    2000fe00    00000200     UNINITIALIZED
                  2000fe00    00000004     rtsv7M4_T_le_v4SPD16_eabi.lib : boot_cortex_m.c.obj (.stack)
                  2000fe04    000001fc     --HOLE--

MODULE SUMMARY

       Module                        code   ro data   rw data
       ------                        ----   -------   -------
    .\
       move_motors.obj               2312   0         48     
       system_msp432p401r.obj        820    0         8      
       startup_msp432p401r_ccs.obj   14     228       0      
       main.obj                      42     0         0      
    +--+-----------------------------+------+---------+---------+
       Total:                        3188   228       56     
                                                             
    C:\ti\ccs930\ccs\tools\compiler\ti-cgt-arm_18.12.4.LTS\lib\rtsv7M4_T_le_v4SPD16_eabi.lib
       memcpy_t2.asm.obj             156    0         0      
       copy_decompress_lzss.c.obj    104    0         0      
       autoinit.c.obj                68     0         0      
       boot_cortex_m.c.obj           52     0         0      
       copy_decompress_none.c.obj    14     0         0      
       exit.c.obj                    4      0         0      
       pre_init.c.obj                4      0         0      
    +--+-----------------------------+------+---------+---------+
       Total:                        402    0         0      
                                                             
       Stack:                        0      0         1024   
       Linker Generated:             0      29        0      
    +--+-----------------------------+------+---------+---------+
       Grand Total:                  3590   257       1080   


LINKER GENERATED COPY TABLES

__TI_cinit_table @ 00000f08 records: 1, size/record: 8, table size: 8
	.data: load addr=00000ef0, load size=0000000d bytes, run addr=20000000, run size=0000001c bytes, compression=lzss


LINKER GENERATED HANDLER TABLE

__TI_handler_table @ 00000f00 records: 2, size/record: 4, table size: 8
	index: 0, handler: __TI_decompress_lzss
	index: 1, handler: __TI_decompress_none


GLOBAL SYMBOLS: SORTED ALPHABETICALLY BY Name 

address   name                          
-------   ----                          
00000ee1  ADC14_IRQHandler              
00000ee1  AES256_IRQHandler             
00000675  Bump_Init                     
0000069f  Bump_Read                     
00000ee1  BusFault_Handler              
00000ee7  C$$EXIT                       
00000ee1  COMP_E0_IRQHandler            
00000ee1  COMP_E1_IRQHandler            
20000008  CPMwait                       
00000ee1  CS_IRQHandler                 
20000000  ClockFrequency                
000008e1  Clock_Delay1ms                
000006b7  Clock_Init32KHz               
000007bd  Clock_Init48MHz               
20000014  Crystalstable                 
00000ee1  DMA_ERR_IRQHandler            
00000ee1  DMA_INT0_IRQHandler           
00000ee1  DMA_INT1_IRQHandler           
00000ee1  DMA_INT2_IRQHandler           
00000ee1  DMA_INT3_IRQHandler           
00000ee1  DebugMon_Handler              
00000ee1  Default_Handler               
00000ee1  EUSCIA0_IRQHandler            
00000ee1  EUSCIA1_IRQHandler            
00000ee1  EUSCIA2_IRQHandler            
00000ee1  EUSCIA3_IRQHandler            
00000ee1  EUSCIB0_IRQHandler            
00000ee1  EUSCIB1_IRQHandler            
00000ee1  EUSCIB2_IRQHandler            
00000ee1  EUSCIB3_IRQHandler            
00000ee1  FLCTL_IRQHandler              
00000ee1  FPU_IRQHandler                
00000ee1  HardFault_Handler             
20000010  IFlags                        
000000e5  LaunchPad_Init                
0000062f  LaunchPad_Input               
00000643  LaunchPad_Output              
00000ee1  MemManage_Handler             
000002ef  Motor_BackwardSimple          
000001f9  Motor_ForwardSimple           
00000155  Motor_InitSimple              
00000421  Motor_LeftSimple              
00000531  Motor_RightSimple             
000001d9  Motor_StopSimple              
00000ee1  NMI_Handler                   
00000ee1  PCM_IRQHandler                
00000ee1  PORT1_IRQHandler              
00000ee1  PORT2_IRQHandler              
00000ee1  PORT3_IRQHandler              
00000ee1  PORT4_IRQHandler              
00000ee1  PORT5_IRQHandler              
00000ee1  PORT6_IRQHandler              
00000ee1  PSS_IRQHandler                
00000661  Pause                         
00000ee1  PendSV_Handler                
2000000c  Postwait                      
20000004  Prewait                       
00000ee1  RTC_C_IRQHandler              
00000ed5  Reset_Handler                 
00000ee1  SVC_Handler                   
00000ee1  SysTick_Handler               
00000907  SysTick_Init                  
00000917  SysTick_Wait                  
00000937  SysTick_Wait10ms              
20000018  SystemCoreClock               
000009ed  SystemCoreClockUpdate         
00000c65  SystemInit                    
00000ee1  T32_INT1_IRQHandler           
00000ee1  T32_INT2_IRQHandler           
00000ee1  T32_INTC_IRQHandler           
00000ee1  TA0_0_IRQHandler              
00000ee1  TA0_N_IRQHandler              
00000ee1  TA1_0_IRQHandler              
00000ee1  TA1_N_IRQHandler              
00000ee1  TA2_0_IRQHandler              
00000ee1  TA2_N_IRQHandler              
00000ee1  TA3_0_IRQHandler              
00000ee1  TA3_N_IRQHandler              
00000ee1  UsageFault_Handler            
4000480c  WDTCTL_SYM                    
00000ee1  WDT_A_IRQHandler              
20010000  __STACK_END                   
00000200  __STACK_SIZE                  
00000f08  __TI_CINIT_Base               
00000f10  __TI_CINIT_Limit              
00000f00  __TI_Handler_Table_Base       
00000f08  __TI_Handler_Table_Limit      
00000e25  __TI_auto_init_nobinit_nopinit
00000dbd  __TI_decompress_lzss          
00000ec7  __TI_decompress_none          
ffffffff  __TI_pprof_out_hndl           
ffffffff  __TI_prof_data_size           
ffffffff  __TI_prof_data_start          
00000000  __TI_static_base__            
00000d21  __aeabi_memcpy                
00000d21  __aeabi_memcpy4               
00000d21  __aeabi_memcpy8               
ffffffff  __binit__                     
ffffffff  __c_args__                    
UNDEFED   __mpu_init                    
2000fe00  __stack                       
00000e69  _c_int00_noargs               
UNDEFED   _system_post_cinit            
00000ee3  _system_pre_init              
00000ee7  abort                         
ffffffff  binit                         
000008d3  delay                         
00000000  interruptVectors              
00000e9d  main                          
00000d21  memcpy                        


GLOBAL SYMBOLS: SORTED BY Symbol Address 

address   name                          
-------   ----                          
00000000  __TI_static_base__            
00000000  interruptVectors              
000000e5  LaunchPad_Init                
00000155  Motor_InitSimple              
000001d9  Motor_StopSimple              
000001f9  Motor_ForwardSimple           
00000200  __STACK_SIZE                  
000002ef  Motor_BackwardSimple          
00000421  Motor_LeftSimple              
00000531  Motor_RightSimple             
0000062f  LaunchPad_Input               
00000643  LaunchPad_Output              
00000661  Pause                         
00000675  Bump_Init                     
0000069f  Bump_Read                     
000006b7  Clock_Init32KHz               
000007bd  Clock_Init48MHz               
000008d3  delay                         
000008e1  Clock_Delay1ms                
00000907  SysTick_Init                  
00000917  SysTick_Wait                  
00000937  SysTick_Wait10ms              
000009ed  SystemCoreClockUpdate         
00000c65  SystemInit                    
00000d21  __aeabi_memcpy                
00000d21  __aeabi_memcpy4               
00000d21  __aeabi_memcpy8               
00000d21  memcpy                        
00000dbd  __TI_decompress_lzss          
00000e25  __TI_auto_init_nobinit_nopinit
00000e69  _c_int00_noargs               
00000e9d  main                          
00000ec7  __TI_decompress_none          
00000ed5  Reset_Handler                 
00000ee1  ADC14_IRQHandler              
00000ee1  AES256_IRQHandler             
00000ee1  BusFault_Handler              
00000ee1  COMP_E0_IRQHandler            
00000ee1  COMP_E1_IRQHandler            
00000ee1  CS_IRQHandler                 
00000ee1  DMA_ERR_IRQHandler            
00000ee1  DMA_INT0_IRQHandler           
00000ee1  DMA_INT1_IRQHandler           
00000ee1  DMA_INT2_IRQHandler           
00000ee1  DMA_INT3_IRQHandler           
00000ee1  DebugMon_Handler              
00000ee1  Default_Handler               
00000ee1  EUSCIA0_IRQHandler            
00000ee1  EUSCIA1_IRQHandler            
00000ee1  EUSCIA2_IRQHandler            
00000ee1  EUSCIA3_IRQHandler            
00000ee1  EUSCIB0_IRQHandler            
00000ee1  EUSCIB1_IRQHandler            
00000ee1  EUSCIB2_IRQHandler            
00000ee1  EUSCIB3_IRQHandler            
00000ee1  FLCTL_IRQHandler              
00000ee1  FPU_IRQHandler                
00000ee1  HardFault_Handler             
00000ee1  MemManage_Handler             
00000ee1  NMI_Handler                   
00000ee1  PCM_IRQHandler                
00000ee1  PORT1_IRQHandler              
00000ee1  PORT2_IRQHandler              
00000ee1  PORT3_IRQHandler              
00000ee1  PORT4_IRQHandler              
00000ee1  PORT5_IRQHandler              
00000ee1  PORT6_IRQHandler              
00000ee1  PSS_IRQHandler                
00000ee1  PendSV_Handler                
00000ee1  RTC_C_IRQHandler              
00000ee1  SVC_Handler                   
00000ee1  SysTick_Handler               
00000ee1  T32_INT1_IRQHandler           
00000ee1  T32_INT2_IRQHandler           
00000ee1  T32_INTC_IRQHandler           
00000ee1  TA0_0_IRQHandler              
00000ee1  TA0_N_IRQHandler              
00000ee1  TA1_0_IRQHandler              
00000ee1  TA1_N_IRQHandler              
00000ee1  TA2_0_IRQHandler              
00000ee1  TA2_N_IRQHandler              
00000ee1  TA3_0_IRQHandler              
00000ee1  TA3_N_IRQHandler              
00000ee1  UsageFault_Handler            
00000ee1  WDT_A_IRQHandler              
00000ee3  _system_pre_init              
00000ee7  C$$EXIT                       
00000ee7  abort                         
00000f00  __TI_Handler_Table_Base       
00000f08  __TI_CINIT_Base               
00000f08  __TI_Handler_Table_Limit      
00000f10  __TI_CINIT_Limit              
20000000  ClockFrequency                
20000004  Prewait                       
20000008  CPMwait                       
2000000c  Postwait                      
20000010  IFlags                        
20000014  Crystalstable                 
20000018  SystemCoreClock               
2000fe00  __stack                       
20010000  __STACK_END                   
4000480c  WDTCTL_SYM                    
ffffffff  __TI_pprof_out_hndl           
ffffffff  __TI_prof_data_size           
ffffffff  __TI_prof_data_start          
ffffffff  __binit__                     
ffffffff  __c_args__                    
ffffffff  binit                         
UNDEFED   __mpu_init                    
UNDEFED   _system_post_cinit            

[110 symbols]
