******************************************************************************
                  TI ARM Linker PC v18.12.4                    
******************************************************************************
>> Linked Sun May  3 15:58:54 2020

OUTPUT FILE NAME:   <Lab06_GPIO.out>
ENTRY POINT SYMBOL: "_c_int00_noargs"  address: 00003d3d


MEMORY CONFIGURATION

         name            origin    length      used     unused   attr    fill
----------------------  --------  ---------  --------  --------  ----  --------
  MAIN                  00000000   00040000  00004184  0003be7c  R  X
  INFO                  00200000   00004000  00000000  00004000  R  X
  SRAM_CODE             01000000   00010000  000009e2  0000f61e  RW X
  SRAM_DATA             20000000   00010000  000009e2  0000f61e  RW  


SEGMENT ALLOCATION MAP

run origin  load origin   length   init length attrs members
----------  ----------- ---------- ----------- ----- -------
00000000    00000000    00004188   00004188    r-x
  00000000    00000000    000000e4   000000e4    r-- .intvecs
  000000e4    000000e4    00003ec4   00003ec4    r-x .text
  00003fa8    00003fa8    00000144   00000144    r-- .const
  000040f0    000040f0    00000098   00000098    r-- .cinit
20000000    20000000    000007e2   00000000    rw-
  20000000    20000000    00000400   00000000    rw- .sysmem
  20000400    20000400    00000210   00000000    rw- .data
  20000610    20000610    000001d2   00000000    rw- .bss
2000fe00    2000fe00    00000200   00000000    rw-
  2000fe00    2000fe00    00000200   00000000    rw- .stack


SECTION ALLOCATION MAP

 output                                  attributes/
section   page    origin      length       input sections
--------  ----  ----------  ----------   ----------------
.intvecs   0    00000000    000000e4     
                  00000000    000000e4     startup_msp432p401r_ccs.obj (.intvecs:retain)

.text      0    000000e4    00003ec4     
                  000000e4    00000a4e     rtsv7M4_T_le_v4SPD16_eabi.lib : _printfi.c.obj (.text:__TI_printfi)
                  00000b32    00000002                                   : _lock.c.obj (.text:_nop)
                  00000b34    000006c8     TExaS.obj (.text)
                  000011fc    00000534     move_motors.obj (.text)
                  00001730    0000032c     system_msp432p401r.obj (.text)
                  00001a5c    00000270     rtsv7M4_T_le_v4SPD16_eabi.lib : _printfi.c.obj (.text:_pconv_a)
                  00001ccc    00000268     Lab06_GPIOmain.obj (.text)
                  00001f34    000001e0     Clock.obj (.text)
                  00002114    000001d0     rtsv7M4_T_le_v4SPD16_eabi.lib : _printfi.c.obj (.text:_pconv_g)
                  000022e4    000001b6                                   : fd_add_t2.asm.obj (.text)
                  0000249a    00000002                                   : div0.asm.obj (.text)
                  0000249c    0000013c     Reflectance.obj (.text)
                  000025d8    0000013c     rtsv7M4_T_le_v4SPD16_eabi.lib : _printfi.c.obj (.text:_pconv_e)
                  00002714    00000136                                   : fd_div_t2.asm.obj (.text)
                  0000284a    00000002     --HOLE-- [fill = 0]
                  0000284c    00000124                                   : _printfi.c.obj (.text:fcvt)
                  00002970    00000118                                   : memory.c.obj (.text:aligned_alloc)
                  00002a88    00000114                                   : fputs.c.obj (.text:fputs)
                  00002b9c    00000110                                   : s_scalbn.c.obj (.text:scalbn)
                  00002cac    000000fc                                   : fd_mul_t2.asm.obj (.text)
                  00002da8    000000e4                                   : memory.c.obj (.text:free)
                  00002e8c    000000dc                                   : setvbuf.c.obj (.text:setvbuf)
                  00002f68    000000b1                                   : _printfi.c.obj (.text:_ltostr)
                  00003019    00000001     --HOLE-- [fill = 0]
                  0000301a    0000009c                                   : memcpy_t2.asm.obj (.text)
                  000030b6    00000096                                   : ull_div_t2.asm.obj (.text)
                  0000314c    0000008c                                   : fputc.c.obj (.text:fputc)
                  000031d8    00000086                                   : fd_cmp_t2.asm.obj (.text:__aeabi_cdcmple)
                  0000325e    00000086                                   : fd_cmp_t2.asm.obj (.text:__aeabi_cdrcmple)
                  000032e4    0000007a                                   : memset_t2.asm.obj (.text)
                  0000335e    00000002     --HOLE-- [fill = 0]
                  00003360    00000074                                   : fclose.c.obj (.text:__TI_closefile)
                  000033d4    00000070                                   : memory.c.obj (.text:split)
                  00003444    0000006e                                   : _printfi.c.obj (.text:_mcpy)
                  000034b2    00000002     --HOLE-- [fill = 0]
                  000034b4    0000006c                                   : hostrename.c.obj (.text:HOSTrename)
                  00003520    00000068                                   : hostlseek.c.obj (.text:HOSTlseek)
                  00003588    00000068                                   : copy_decompress_lzss.c.obj (.text:decompress:lzss:__TI_decompress_lzss)
                  000035f0    00000068                                   : printf.c.obj (.text:printf)
                  00003658    00000064                                   : s_frexp.c.obj (.text:frexp)
                  000036bc    00000064                                   : fseek.c.obj (.text:fseek)
                  00003720    00000062                                   : _io_perm.c.obj (.text:__TI_wrt_ok)
                  00003782    00000002     --HOLE-- [fill = 0]
                  00003784    00000060                                   : hostopen.c.obj (.text:HOSTopen)
                  000037e4    0000005c                                   : close.c.obj (.text:close)
                  00003840    00000058                                   : hostread.c.obj (.text:HOSTread)
                  00003898    00000058                                   : hostwrite.c.obj (.text:HOSTwrite)
                  000038f0    00000056                                   : _printfi.c.obj (.text:_pconv_f)
                  00003946    00000054                                   : ltoa.c.obj (.text:ltoa)
                  0000399a    00000052                                   : _printfi.c.obj (.text:_ecpy)
                  000039ec    0000004c                                   : fflush.c.obj (.text:__TI_doflush)
                  00003a38    0000004c                                   : atoi.c.obj (.text:atoi)
                  00003a84    00000048                                   : exit.c.obj (.text:exit)
                  00003acc    00000048                                   : fd_toi_t2.asm.obj (.text)
                  00003b14    00000044                                   : hostclose.c.obj (.text:HOSTclose)
                  00003b58    00000044                                   : hostunlink.c.obj (.text:HOSTunlink)
                  00003b9c    00000044                                   : autoinit.c.obj (.text:__TI_auto_init_nobinit_nopinit:__TI_auto_init_nobinit_nopinit)
                  00003be0    00000044                                   : getdevice.c.obj (.text:getdevice)
                  00003c24    0000003e                                   : _printfi.c.obj (.text:_fcpy)
                  00003c62    00000002     --HOLE-- [fill = 0]
                  00003c64    00000038                                   : trgmsg.c.obj (.text:__TI_writemsg)
                  00003c9c    00000036                                   : strncpy.c.obj (.text:strncpy)
                  00003cd2    00000002     --HOLE-- [fill = 0]
                  00003cd4    00000034                                   : fopen.c.obj (.text:__TI_cleanup)
                  00003d08    00000034                                   : trgmsg.c.obj (.text:__TI_readmsg)
                  00003d3c    00000034                                   : boot_cortex_m.c.obj (.text:_c_int00_noargs:_c_int00_noargs)
                  00003d70    00000030                                   : getdevice.c.obj (.text:finddevice)
                  00003da0    0000002e                                   : i_tofd_t2.asm.obj (.text)
                  00003dce    00000002     --HOLE-- [fill = 0]
                  00003dd0    0000002c                                   : unlink.c.obj (.text:unlink)
                  00003dfc    00000028                                   : memory.c.obj (.text:free_list_insert)
                  00003e24    00000028                                   : lseek.c.obj (.text:lseek)
                  00003e4c    00000028                                   : write.c.obj (.text:write)
                  00003e74    00000020                                   : memchr.c.obj (.text:memchr)
                  00003e94    0000001c                                   : copy_zero_init.c.obj (.text:decompress:ZI:__TI_zero_init_nomemset:__TI_zero_init_nomemset)
                  00003eb0    0000001c                                   : memory.c.obj (.text:free_list_remove)
                  00003ecc    0000001c                                   : memccpy.c.obj (.text:memccpy)
                  00003ee8    0000001a                                   : s_copysign.c.obj (.text:copysign)
                  00003f02    00000018                                   : strcmp.c.obj (.text:strcmp)
                  00003f1a    00000016                                   : strchr.c.obj (.text:strchr)
                  00003f30    00000014                                   : strcpy.c.obj (.text:strcpy)
                  00003f44    00000014                                   : strlen.c.obj (.text:strlen)
                  00003f58    00000012                                   : wcslen.c.obj (.text:wcslen)
                  00003f6a    0000000e                                   : copy_decompress_none.c.obj (.text:decompress:none:__TI_decompress_none)
                  00003f78    0000000e     startup_msp432p401r_ccs.obj (.text)
                  00003f86    00000002     --HOLE-- [fill = 0]
                  00003f88    00000008     rtsv7M4_T_le_v4SPD16_eabi.lib : errno.c.obj (.text:__aeabi_errno_addr)
                  00003f90    00000008                                   : memory.c.obj (.text:malloc)
                  00003f98    00000004                                   : printf.c.obj (.text:_outc)
                  00003f9c    00000004                                   : printf.c.obj (.text:_outs)
                  00003fa0    00000004                                   : pre_init.c.obj (.text:_system_pre_init)
                  00003fa4    00000004                                   : exit.c.obj (.text:abort:abort)

.const     0    00003fa8    00000144     
                  00003fa8    00000101     rtsv7M4_T_le_v4SPD16_eabi.lib : ctype.c.obj (.const:.string:_ctypes_)
                  000040a9    00000003     --HOLE-- [fill = 0]
                  000040ac    00000020     Reflectance.obj (.const:Mask)
                  000040cc    00000020     Reflectance.obj (.const:Weight)

.cinit     0    000040f0    00000098     
                  000040f0    0000006e     (.cinit..data.load) [load image, compression = lzss]
                  0000415e    00000002     --HOLE-- [fill = 0]
                  00004160    0000000c     (__TI_handler_table)
                  0000416c    00000004     --HOLE-- [fill = 0]
                  00004170    00000008     (.cinit..bss.load) [load image, compression = zero_init]
                  00004178    00000010     (__TI_cinit_table)

.init_array 
*          0    00000000    00000000     UNINITIALIZED

.binit     0    00000000    00000000     

.sysmem    0    20000000    00000400     UNINITIALIZED
                  20000000    00000010     rtsv7M4_T_le_v4SPD16_eabi.lib : memory.c.obj (.sysmem)
                  20000010    000003f0     --HOLE--

.data      0    20000400    00000210     UNINITIALIZED
                  20000400    000000f0     rtsv7M4_T_le_v4SPD16_eabi.lib : defs.c.obj (.data:_ftable)
                  200004f0    00000078                                   : host_device.c.obj (.data:_device)
                  20000568    00000050                                   : host_device.c.obj (.data:_stream)
                  200005b8    00000018     Clock.obj (.data)
                  200005d0    00000010     rtsv7M4_T_le_v4SPD16_eabi.lib : defs.c.obj (.data)
                  200005e0    0000000c                                   : exit.c.obj (.data:$O1$$)
                  200005ec    0000000c     TExaS.obj (.data)
                  200005f8    00000008     rtsv7M4_T_le_v4SPD16_eabi.lib : _lock.c.obj (.data:$O1$$)
                  20000600    00000008                                   : memory.c.obj (.data:$O1$$)
                  20000608    00000004                                   : errno.c.obj (.data)
                  2000060c    00000004     system_msp432p401r.obj (.data)

.bss       0    20000610    000001d2     UNINITIALIZED
                  20000610    00000120     rtsv7M4_T_le_v4SPD16_eabi.lib : trgmsg.c.obj (.bss:_CIOBUF_)
                  20000730    000000a0     (.common:__TI_tmpnams)
                  200007d0    00000008     (.common:parmbuf)
                  200007d8    00000004     (.common:PeriodicTask2)
                  200007dc    00000004     (.common:Position)
                  200007e0    00000001     (.common:Data)
                  200007e1    00000001     (.common:LogicData)

.stack     0    2000fe00    00000200     UNINITIALIZED
                  2000fe00    00000004     rtsv7M4_T_le_v4SPD16_eabi.lib : boot_cortex_m.c.obj (.stack)
                  2000fe04    000001fc     --HOLE--

MODULE SUMMARY

       Module                        code    ro data   rw data
       ------                        ----    -------   -------
    .\
       TExaS.obj                     1736    0         34     
       move_motors.obj               1332    0         0      
       system_msp432p401r.obj        812     0         8      
       Lab06_GPIOmain.obj            616     0         10     
       Clock.obj                     480     0         48     
       Reflectance.obj               316     64        0      
       startup_msp432p401r_ccs.obj   14      228       0      
    +--+-----------------------------+-------+---------+---------+
       Total:                        5306    292       100    
                                                              
    C:\ti\ccs930\ccs\tools\compiler\ti-cgt-arm_18.12.4.LTS\lib\rtsv7M4_T_le_v4SPD16_eabi.lib
       _printfi.c.obj                4851    0         0      
       defs.c.obj                    0       0         832    
       memory.c.obj                  696     0         16     
       trgmsg.c.obj                  108     0         576    
       fd_add_t2.asm.obj             438     0         0      
       host_device.c.obj             0       0         400    
       fd_div_t2.asm.obj             310     0         0      
       fputs.c.obj                   276     0         0      
       s_scalbn.c.obj                272     0         0      
       fd_cmp_t2.asm.obj             268     0         0      
       ctype.c.obj                   0       257       0      
       fd_mul_t2.asm.obj             252     0         0      
       setvbuf.c.obj                 220     0         0      
       memcpy_t2.asm.obj             156     0         0      
       ull_div_t2.asm.obj            150     0         0      
       fputc.c.obj                   140     0         0      
       memset_t2.asm.obj             122     0         0      
       fclose.c.obj                  116     0         0      
       getdevice.c.obj               116     0         0      
       hostopen.c.obj                96      0         16     
       printf.c.obj                  112     0         0      
       hostrename.c.obj              108     0         0      
       copy_decompress_lzss.c.obj    104     0         0      
       hostlseek.c.obj               104     0         0      
       exit.c.obj                    76      0         24     
       fseek.c.obj                   100     0         0      
       s_frexp.c.obj                 100     0         0      
       _io_perm.c.obj                98      0         0      
       close.c.obj                   92      0         0      
       hostread.c.obj                88      0         0      
       hostwrite.c.obj               88      0         0      
       ltoa.c.obj                    84      0         0      
       atoi.c.obj                    76      0         0      
       fflush.c.obj                  76      0         0      
       fd_toi_t2.asm.obj             72      0         0      
       autoinit.c.obj                68      0         0      
       hostclose.c.obj               68      0         0      
       hostunlink.c.obj              68      0         0      
       strncpy.c.obj                 54      0         0      
       boot_cortex_m.c.obj           52      0         0      
       fopen.c.obj                   52      0         0      
       i_tofd_t2.asm.obj             46      0         0      
       unlink.c.obj                  44      0         0      
       lseek.c.obj                   40      0         0      
       write.c.obj                   40      0         0      
       memchr.c.obj                  32      0         0      
       copy_zero_init.c.obj          28      0         0      
       memccpy.c.obj                 28      0         0      
       s_copysign.c.obj              26      0         0      
       strcmp.c.obj                  24      0         0      
       strchr.c.obj                  22      0         0      
       strcpy.c.obj                  20      0         0      
       strlen.c.obj                  20      0         0      
       _lock.c.obj                   2       0         16     
       wcslen.c.obj                  18      0         0      
       errno.c.obj                   8       0         8      
       copy_decompress_none.c.obj    14      0         0      
       pre_init.c.obj                4       0         0      
       div0.asm.obj                  2       0         0      
    +--+-----------------------------+-------+---------+---------+
       Total:                        10745   257       1888   
                                                              
       Heap:                         0       0         2048   
       Stack:                        0       0         1024   
       Linker Generated:             0       146       0      
    +--+-----------------------------+-------+---------+---------+
       Grand Total:                  16051   695       5060   


LINKER GENERATED COPY TABLES

__TI_cinit_table @ 00004178 records: 2, size/record: 8, table size: 16
	.data: load addr=000040f0, load size=0000006e bytes, run addr=20000400, run size=00000210 bytes, compression=lzss
	.bss: load addr=00004170, load size=00000008 bytes, run addr=20000610, run size=000001d2 bytes, compression=zero_init


LINKER GENERATED HANDLER TABLE

__TI_handler_table @ 00004160 records: 3, size/record: 4, table size: 12
	index: 0, handler: __TI_decompress_lzss
	index: 1, handler: __TI_decompress_none
	index: 2, handler: __TI_zero_init


GLOBAL SYMBOLS: SORTED ALPHABETICALLY BY Name 

address   name                                   
-------   ----                                   
00003f85  ADC14_IRQHandler                       
00000f41  ADC_Init                               
00003f85  AES256_IRQHandler                      
000015e9  Bump_Init                              
00001625  Bump_Read                              
00001675  Bump_Read_Left                         
0000164d  Bump_Read_Right                        
00003f85  BusFault_Handler                       
00003fa5  C$$EXIT                                
00003c93  C$$IO$$                                
00003f85  COMP_E0_IRQHandler                     
00003f85  COMP_E1_IRQHandler                     
200005c0  CPMwait                                
00003f85  CS_IRQHandler                          
200005b8  ClockFrequency                         
00002089  Clock_Delay1ms                         
0000205f  Clock_Delay1us                         
0000204b  Clock_GetFreq                          
00001f35  Clock_Init48MHz                        
200005cc  Crystalstable                          
00003f85  DMA_ERR_IRQHandler                     
00003f85  DMA_INT0_IRQHandler                    
00003f85  DMA_INT1_IRQHandler                    
00003f85  DMA_INT2_IRQHandler                    
00003f85  DMA_INT3_IRQHandler                    
200007e0  Data                                   
00003f85  DebugMon_Handler                       
00003f85  Default_Handler                        
00003f85  EUSCIA0_IRQHandler                     
00003f85  EUSCIA1_IRQHandler                     
00003f85  EUSCIA2_IRQHandler                     
00003f85  EUSCIA3_IRQHandler                     
00003f85  EUSCIB0_IRQHandler                     
00003f85  EUSCIB1_IRQHandler                     
00003f85  EUSCIB2_IRQHandler                     
00003f85  EUSCIB3_IRQHandler                     
00003f85  FLCTL_IRQHandler                       
00003f85  FPU_IRQHandler                         
00003b15  HOSTclose                              
00003521  HOSTlseek                              
00003785  HOSTopen                               
00003841  HOSTread                               
000034b5  HOSTrename                             
00003b59  HOSTunlink                             
00003899  HOSTwrite                              
00003f85  HardFault_Handler                      
200005c8  IFlags                                 
000011fd  LaunchPad_Init                         
00001585  LaunchPad_Input                        
000015a9  LaunchPad_Output                       
00000b35  LogicAnalyzer                          
00000b3f  LogicAnalyzer_P1                       
00000c15  LogicAnalyzer_P10                      
00000b4d  LogicAnalyzer_P2                       
00000c23  LogicAnalyzer_P27_P26_P82_P92_P104_P105
00000b5b  LogicAnalyzer_P2_7654                  
00000b6b  LogicAnalyzer_P3                       
00000b79  LogicAnalyzer_P4                       
00000b97  LogicAnalyzer_P4_765320                
00000b87  LogicAnalyzer_P4_765432                
00000bcf  LogicAnalyzer_P5                       
00000c5b  LogicAnalyzer_P55_P54_P27_P26_P37_P36  
00000bdd  LogicAnalyzer_P6                       
00000beb  LogicAnalyzer_P7                       
00000bf9  LogicAnalyzer_P8                       
00000c07  LogicAnalyzer_P9                       
200007e1  LogicData                              
000040ac  Mask                                   
00003f85  MemManage_Handler                      
000013a9  Motor_BackwardSimple                   
00001311  Motor_ForwardSimple                    
0000126d  Motor_InitSimple                       
00001441  Motor_LeftSimple                       
000014e1  Motor_RightSimple                      
000012f1  Motor_StopSimple                       
00003f85  NMI_Handler                            
00003f85  PCM_IRQHandler                         
00003f85  PORT1_IRQHandler                       
00003f85  PORT2_IRQHandler                       
00003f85  PORT3_IRQHandler                       
00003f85  PORT4_IRQHandler                       
00003f85  PORT5_IRQHandler                       
00003f85  PORT6_IRQHandler                       
00003f85  PSS_IRQHandler                         
000015cd  Pause                                  
00003f85  PendSV_Handler                         
200007d8  PeriodicTask2                          
00000d09  PeriodicTask2_Init                     
00000d83  PeriodicTask2_Stop                     
200007dc  Position                               
200005c4  Postwait                               
200005bc  Prewait                                
00001ccd  Program6_1                             
00003f85  RTC_C_IRQHandler                       
000024f5  Reflectance_Center                     
0000258d  Reflectance_End                        
0000249d  Reflectance_Init                       
00002501  Reflectance_Position                   
000024d9  Reflectance_Read                       
00002567  Reflectance_Start                      
00003f79  Reset_Handler                          
00003f85  SVC_Handler                            
00000c85  Scope                                  
00003f85  SysTick_Handler                        
0000169d  SysTick_Init                           
000016ad  SysTick_Wait                           
000016cd  SysTick_Wait10ms                       
2000060c  SystemCoreClock                        
00001731  SystemCoreClockUpdate                  
000019a5  SystemInit                             
00000d73  T32_INT1_IRQHandler                    
00000d73  T32_INT1_IRQHandler                    
00003f85  T32_INT2_IRQHandler                    
00003f85  T32_INTC_IRQHandler                    
00003f85  TA0_0_IRQHandler                       
00003f85  TA0_N_IRQHandler                       
00003f85  TA1_0_IRQHandler                       
00003f85  TA1_N_IRQHandler                       
00003f85  TA2_0_IRQHandler                       
00003f85  TA2_N_IRQHandler                       
00003f85  TA3_0_IRQHandler                       
00003f85  TA3_N_IRQHandler                       
00000ed5  TExaS_Clear0                           
00000ee1  TExaS_Clear1                           
00000ef5  TExaS_Clear2                           
00000f01  TExaS_Clear3                           
00000f0d  TExaS_Clear4                           
00000f0f  TExaS_Clear5                           
00000f1b  TExaS_Clear6                           
00001005  TExaS_Init                             
200005f0  TExaS_ScopeErrConflict                 
200005ec  TExaS_ScopeErrLostData                 
200005f4  TExaS_ScopeWrnReconfig                 
00000e63  TExaS_Set                              
00000e7b  TExaS_Set0                             
00000e87  TExaS_Set1                             
00000e93  TExaS_Set2                             
00000e9f  TExaS_Set3                             
00000eab  TExaS_Set4                             
00000ead  TExaS_Set5                             
00000ec5  TExaS_Set6                             
00001191  TExaS_Stop                             
00000e19  TExaS_Task0                            
00000e25  TExaS_Task1                            
00000e31  TExaS_Task2                            
00000e3d  TExaS_Task3                            
00000e49  TExaS_Task4                            
00000e4b  TExaS_Task5                            
00000e57  TExaS_Task6                            
00000ded  UART_InChar                            
00000d93  UART_Init                              
00000dfd  UART_OutChar                           
00003f85  UsageFault_Handler                     
4000480c  WDTCTL_SYM                             
00003f85  WDT_A_IRQHandler                       
000040cc  Weight                                 
20000610  __CIOBUF_                              
20010000  __STACK_END                            
00000200  __STACK_SIZE                           
00000400  __SYSMEM_SIZE                          
00004178  __TI_CINIT_Base                        
00004188  __TI_CINIT_Limit                       
00004160  __TI_Handler_Table_Base                
0000416c  __TI_Handler_Table_Limit               
00003b9d  __TI_auto_init_nobinit_nopinit         
00003cd5  __TI_cleanup                           
200005e0  __TI_cleanup_ptr                       
00003361  __TI_closefile                         
00003589  __TI_decompress_lzss                   
00003f6b  __TI_decompress_none                   
000039ed  __TI_doflush                           
200005e4  __TI_dtors_ptr                         
200005e8  __TI_enable_exit_profile_output        
200005d0  __TI_ft_end                            
ffffffff  __TI_pprof_out_hndl                    
000000e5  __TI_printfi                           
ffffffff  __TI_prof_data_size                    
ffffffff  __TI_prof_data_start                   
00003d09  __TI_readmsg                           
00000000  __TI_static_base__                     
20000730  __TI_tmpnams                           
00003c65  __TI_writemsg                          
00003721  __TI_wrt_ok                            
00003e95  __TI_zero_init_nomemset                
000031d9  __aeabi_cdcmpeq                        
000031d9  __aeabi_cdcmple                        
0000325f  __aeabi_cdrcmple                       
00003acd  __aeabi_d2iz                           
000022ef  __aeabi_dadd                           
00002715  __aeabi_ddiv                           
00002cad  __aeabi_dmul                           
000022e5  __aeabi_dsub                           
00003f89  __aeabi_errno_addr                     
00003da1  __aeabi_i2d                            
0000249b  __aeabi_idiv0                          
0000249b  __aeabi_ldiv0                          
000032e5  __aeabi_memclr                         
000032e5  __aeabi_memclr4                        
000032e5  __aeabi_memclr8                        
0000301b  __aeabi_memcpy                         
0000301b  __aeabi_memcpy4                        
0000301b  __aeabi_memcpy8                        
000032e7  __aeabi_memset                         
000032e7  __aeabi_memset4                        
000032e7  __aeabi_memset8                        
200005dc  __aeabi_stderr                         
200005d4  __aeabi_stdin                          
200005d8  __aeabi_stdout                         
000030b7  __aeabi_uldivmod                       
ffffffff  __binit__                              
ffffffff  __c_args__                             
UNDEFED   __mpu_init                             
2000fe00  __stack                                
00003d3d  _c_int00_noargs                        
00003fa8  _ctypes_                               
200004f0  _device                                
20000400  _ftable                                
200005f8  _lock                                  
00000b33  _nop                                   
20000568  _stream                                
20000000  _sys_memory                            
UNDEFED   _system_post_cinit                     
00003fa1  _system_pre_init                       
200005fc  _unlock                                
00003fa5  abort                                  
00002971  aligned_alloc                          
00003a39  atoi                                   
ffffffff  binit                                  
000037e5  close                                  
00003ee9  copysign                               
00003ee9  copysignl                              
00002051  delay                                  
20000608  errno                                  
00003a85  exit                                   
00003d71  finddevice                             
0000314d  fputc                                  
00002a89  fputs                                  
00002da9  free                                   
00003659  frexp                                  
00003659  frexpl                                 
000036bd  fseek                                  
00003be1  getdevice                              
00000000  interruptVectors                       
00002b9d  ldexp                                  
00002b9d  ldexpl                                 
00003e25  lseek                                  
00003947  ltoa                                   
00001cf1  main                                   
00001ddd  main2                                  
00001e7d  main3                                  
00003f91  malloc                                 
00002971  memalign                               
00003ecd  memccpy                                
00003e75  memchr                                 
0000301b  memcpy                                 
000032ed  memset                                 
200007d0  parmbuf                                
000035f1  printf                                 
0000314d  putc                                   
00003dd1  remove                                 
00002b9d  scalbn                                 
00002b9d  scalbnl                                
00002e8d  setvbuf                                
00003f1b  strchr                                 
00003f03  strcmp                                 
00003f31  strcpy                                 
00003f45  strlen                                 
00003c9d  strncpy                                
00003dd1  unlink                                 
00003f59  wcslen                                 
00003e4d  write                                  


GLOBAL SYMBOLS: SORTED BY Symbol Address 

address   name                                   
-------   ----                                   
00000000  __TI_static_base__                     
00000000  interruptVectors                       
000000e5  __TI_printfi                           
00000200  __STACK_SIZE                           
00000400  __SYSMEM_SIZE                          
00000b33  _nop                                   
00000b35  LogicAnalyzer                          
00000b3f  LogicAnalyzer_P1                       
00000b4d  LogicAnalyzer_P2                       
00000b5b  LogicAnalyzer_P2_7654                  
00000b6b  LogicAnalyzer_P3                       
00000b79  LogicAnalyzer_P4                       
00000b87  LogicAnalyzer_P4_765432                
00000b97  LogicAnalyzer_P4_765320                
00000bcf  LogicAnalyzer_P5                       
00000bdd  LogicAnalyzer_P6                       
00000beb  LogicAnalyzer_P7                       
00000bf9  LogicAnalyzer_P8                       
00000c07  LogicAnalyzer_P9                       
00000c15  LogicAnalyzer_P10                      
00000c23  LogicAnalyzer_P27_P26_P82_P92_P104_P105
00000c5b  LogicAnalyzer_P55_P54_P27_P26_P37_P36  
00000c85  Scope                                  
00000d09  PeriodicTask2_Init                     
00000d73  T32_INT1_IRQHandler                    
00000d73  T32_INT1_IRQHandler                    
00000d83  PeriodicTask2_Stop                     
00000d93  UART_Init                              
00000ded  UART_InChar                            
00000dfd  UART_OutChar                           
00000e19  TExaS_Task0                            
00000e25  TExaS_Task1                            
00000e31  TExaS_Task2                            
00000e3d  TExaS_Task3                            
00000e49  TExaS_Task4                            
00000e4b  TExaS_Task5                            
00000e57  TExaS_Task6                            
00000e63  TExaS_Set                              
00000e7b  TExaS_Set0                             
00000e87  TExaS_Set1                             
00000e93  TExaS_Set2                             
00000e9f  TExaS_Set3                             
00000eab  TExaS_Set4                             
00000ead  TExaS_Set5                             
00000ec5  TExaS_Set6                             
00000ed5  TExaS_Clear0                           
00000ee1  TExaS_Clear1                           
00000ef5  TExaS_Clear2                           
00000f01  TExaS_Clear3                           
00000f0d  TExaS_Clear4                           
00000f0f  TExaS_Clear5                           
00000f1b  TExaS_Clear6                           
00000f41  ADC_Init                               
00001005  TExaS_Init                             
00001191  TExaS_Stop                             
000011fd  LaunchPad_Init                         
0000126d  Motor_InitSimple                       
000012f1  Motor_StopSimple                       
00001311  Motor_ForwardSimple                    
000013a9  Motor_BackwardSimple                   
00001441  Motor_LeftSimple                       
000014e1  Motor_RightSimple                      
00001585  LaunchPad_Input                        
000015a9  LaunchPad_Output                       
000015cd  Pause                                  
000015e9  Bump_Init                              
00001625  Bump_Read                              
0000164d  Bump_Read_Right                        
00001675  Bump_Read_Left                         
0000169d  SysTick_Init                           
000016ad  SysTick_Wait                           
000016cd  SysTick_Wait10ms                       
00001731  SystemCoreClockUpdate                  
000019a5  SystemInit                             
00001ccd  Program6_1                             
00001cf1  main                                   
00001ddd  main2                                  
00001e7d  main3                                  
00001f35  Clock_Init48MHz                        
0000204b  Clock_GetFreq                          
00002051  delay                                  
0000205f  Clock_Delay1us                         
00002089  Clock_Delay1ms                         
000022e5  __aeabi_dsub                           
000022ef  __aeabi_dadd                           
0000249b  __aeabi_idiv0                          
0000249b  __aeabi_ldiv0                          
0000249d  Reflectance_Init                       
000024d9  Reflectance_Read                       
000024f5  Reflectance_Center                     
00002501  Reflectance_Position                   
00002567  Reflectance_Start                      
0000258d  Reflectance_End                        
00002715  __aeabi_ddiv                           
00002971  aligned_alloc                          
00002971  memalign                               
00002a89  fputs                                  
00002b9d  ldexp                                  
00002b9d  ldexpl                                 
00002b9d  scalbn                                 
00002b9d  scalbnl                                
00002cad  __aeabi_dmul                           
00002da9  free                                   
00002e8d  setvbuf                                
0000301b  __aeabi_memcpy                         
0000301b  __aeabi_memcpy4                        
0000301b  __aeabi_memcpy8                        
0000301b  memcpy                                 
000030b7  __aeabi_uldivmod                       
0000314d  fputc                                  
0000314d  putc                                   
000031d9  __aeabi_cdcmpeq                        
000031d9  __aeabi_cdcmple                        
0000325f  __aeabi_cdrcmple                       
000032e5  __aeabi_memclr                         
000032e5  __aeabi_memclr4                        
000032e5  __aeabi_memclr8                        
000032e7  __aeabi_memset                         
000032e7  __aeabi_memset4                        
000032e7  __aeabi_memset8                        
000032ed  memset                                 
00003361  __TI_closefile                         
000034b5  HOSTrename                             
00003521  HOSTlseek                              
00003589  __TI_decompress_lzss                   
000035f1  printf                                 
00003659  frexp                                  
00003659  frexpl                                 
000036bd  fseek                                  
00003721  __TI_wrt_ok                            
00003785  HOSTopen                               
000037e5  close                                  
00003841  HOSTread                               
00003899  HOSTwrite                              
00003947  ltoa                                   
000039ed  __TI_doflush                           
00003a39  atoi                                   
00003a85  exit                                   
00003acd  __aeabi_d2iz                           
00003b15  HOSTclose                              
00003b59  HOSTunlink                             
00003b9d  __TI_auto_init_nobinit_nopinit         
00003be1  getdevice                              
00003c65  __TI_writemsg                          
00003c93  C$$IO$$                                
00003c9d  strncpy                                
00003cd5  __TI_cleanup                           
00003d09  __TI_readmsg                           
00003d3d  _c_int00_noargs                        
00003d71  finddevice                             
00003da1  __aeabi_i2d                            
00003dd1  remove                                 
00003dd1  unlink                                 
00003e25  lseek                                  
00003e4d  write                                  
00003e75  memchr                                 
00003e95  __TI_zero_init_nomemset                
00003ecd  memccpy                                
00003ee9  copysign                               
00003ee9  copysignl                              
00003f03  strcmp                                 
00003f1b  strchr                                 
00003f31  strcpy                                 
00003f45  strlen                                 
00003f59  wcslen                                 
00003f6b  __TI_decompress_none                   
00003f79  Reset_Handler                          
00003f85  ADC14_IRQHandler                       
00003f85  AES256_IRQHandler                      
00003f85  BusFault_Handler                       
00003f85  COMP_E0_IRQHandler                     
00003f85  COMP_E1_IRQHandler                     
00003f85  CS_IRQHandler                          
00003f85  DMA_ERR_IRQHandler                     
00003f85  DMA_INT0_IRQHandler                    
00003f85  DMA_INT1_IRQHandler                    
00003f85  DMA_INT2_IRQHandler                    
00003f85  DMA_INT3_IRQHandler                    
00003f85  DebugMon_Handler                       
00003f85  Default_Handler                        
00003f85  EUSCIA0_IRQHandler                     
00003f85  EUSCIA1_IRQHandler                     
00003f85  EUSCIA2_IRQHandler                     
00003f85  EUSCIA3_IRQHandler                     
00003f85  EUSCIB0_IRQHandler                     
00003f85  EUSCIB1_IRQHandler                     
00003f85  EUSCIB2_IRQHandler                     
00003f85  EUSCIB3_IRQHandler                     
00003f85  FLCTL_IRQHandler                       
00003f85  FPU_IRQHandler                         
00003f85  HardFault_Handler                      
00003f85  MemManage_Handler                      
00003f85  NMI_Handler                            
00003f85  PCM_IRQHandler                         
00003f85  PORT1_IRQHandler                       
00003f85  PORT2_IRQHandler                       
00003f85  PORT3_IRQHandler                       
00003f85  PORT4_IRQHandler                       
00003f85  PORT5_IRQHandler                       
00003f85  PORT6_IRQHandler                       
00003f85  PSS_IRQHandler                         
00003f85  PendSV_Handler                         
00003f85  RTC_C_IRQHandler                       
00003f85  SVC_Handler                            
00003f85  SysTick_Handler                        
00003f85  T32_INT2_IRQHandler                    
00003f85  T32_INTC_IRQHandler                    
00003f85  TA0_0_IRQHandler                       
00003f85  TA0_N_IRQHandler                       
00003f85  TA1_0_IRQHandler                       
00003f85  TA1_N_IRQHandler                       
00003f85  TA2_0_IRQHandler                       
00003f85  TA2_N_IRQHandler                       
00003f85  TA3_0_IRQHandler                       
00003f85  TA3_N_IRQHandler                       
00003f85  UsageFault_Handler                     
00003f85  WDT_A_IRQHandler                       
00003f89  __aeabi_errno_addr                     
00003f91  malloc                                 
00003fa1  _system_pre_init                       
00003fa5  C$$EXIT                                
00003fa5  abort                                  
00003fa8  _ctypes_                               
000040ac  Mask                                   
000040cc  Weight                                 
00004160  __TI_Handler_Table_Base                
0000416c  __TI_Handler_Table_Limit               
00004178  __TI_CINIT_Base                        
00004188  __TI_CINIT_Limit                       
20000000  _sys_memory                            
20000400  _ftable                                
200004f0  _device                                
20000568  _stream                                
200005b8  ClockFrequency                         
200005bc  Prewait                                
200005c0  CPMwait                                
200005c4  Postwait                               
200005c8  IFlags                                 
200005cc  Crystalstable                          
200005d0  __TI_ft_end                            
200005d4  __aeabi_stdin                          
200005d8  __aeabi_stdout                         
200005dc  __aeabi_stderr                         
200005e0  __TI_cleanup_ptr                       
200005e4  __TI_dtors_ptr                         
200005e8  __TI_enable_exit_profile_output        
200005ec  TExaS_ScopeErrLostData                 
200005f0  TExaS_ScopeErrConflict                 
200005f4  TExaS_ScopeWrnReconfig                 
200005f8  _lock                                  
200005fc  _unlock                                
20000608  errno                                  
2000060c  SystemCoreClock                        
20000610  __CIOBUF_                              
20000730  __TI_tmpnams                           
200007d0  parmbuf                                
200007d8  PeriodicTask2                          
200007dc  Position                               
200007e0  Data                                   
200007e1  LogicData                              
2000fe00  __stack                                
20010000  __STACK_END                            
4000480c  WDTCTL_SYM                             
ffffffff  __TI_pprof_out_hndl                    
ffffffff  __TI_prof_data_size                    
ffffffff  __TI_prof_data_start                   
ffffffff  __binit__                              
ffffffff  __c_args__                             
ffffffff  binit                                  
UNDEFED   __mpu_init                             
UNDEFED   _system_post_cinit                     

[271 symbols]
