<?xml version="1.0" encoding="ISO-8859-1" ?>
<link_info>
   <banner>TI ARM Linker PC v18.12.4.LTS</banner>
   <copyright>Copyright (c) 1996-2018 Texas Instruments Incorporated</copyright>
   <link_time>0x5eaf308e</link_time>
   <link_errors>0x0</link_errors>
   <output_file>Lab06_GPIO.out</output_file>
   <entry_point>
      <name>_c_int00_noargs</name>
      <address>0x3d3d</address>
   </entry_point>
   <input_file_list>
      <input_file id="fl-2">
         <path>.\</path>
         <kind>object</kind>
         <file>Clock.obj</file>
         <name>Clock.obj</name>
      </input_file>
      <input_file id="fl-3">
         <path>.\</path>
         <kind>object</kind>
         <file>Lab06_GPIOmain.obj</file>
         <name>Lab06_GPIOmain.obj</name>
      </input_file>
      <input_file id="fl-4">
         <path>.\</path>
         <kind>object</kind>
         <file>Reflectance.obj</file>
         <name>Reflectance.obj</name>
      </input_file>
      <input_file id="fl-5">
         <path>.\</path>
         <kind>object</kind>
         <file>TExaS.obj</file>
         <name>TExaS.obj</name>
      </input_file>
      <input_file id="fl-6">
         <path>.\</path>
         <kind>object</kind>
         <file>move_motors.obj</file>
         <name>move_motors.obj</name>
      </input_file>
      <input_file id="fl-7">
         <path>.\</path>
         <kind>object</kind>
         <file>startup_msp432p401r_ccs.obj</file>
         <name>startup_msp432p401r_ccs.obj</name>
      </input_file>
      <input_file id="fl-8">
         <path>.\</path>
         <kind>object</kind>
         <file>system_msp432p401r.obj</file>
         <name>system_msp432p401r.obj</name>
      </input_file>
      <input_file id="fl-c">
         <kind>object</kind>
         <file>&lt;internal&gt;</file>
         <name>&lt;internal&gt;</name>
      </input_file>
      <input_file id="fl-c2">
         <path>C:\ti\ccs930\ccs\tools\compiler\ti-cgt-arm_18.12.4.LTS\lib\</path>
         <kind>archive</kind>
         <file>rtsv7M4_T_le_v4SPD16_eabi.lib</file>
         <name>printf.c.obj</name>
      </input_file>
      <input_file id="fl-c3">
         <path>C:\ti\ccs930\ccs\tools\compiler\ti-cgt-arm_18.12.4.LTS\lib\</path>
         <kind>archive</kind>
         <file>rtsv7M4_T_le_v4SPD16_eabi.lib</file>
         <name>_printfi.c.obj</name>
      </input_file>
      <input_file id="fl-c4">
         <path>C:\ti\ccs930\ccs\tools\compiler\ti-cgt-arm_18.12.4.LTS\lib\</path>
         <kind>archive</kind>
         <file>rtsv7M4_T_le_v4SPD16_eabi.lib</file>
         <name>fputc.c.obj</name>
      </input_file>
      <input_file id="fl-c5">
         <path>C:\ti\ccs930\ccs\tools\compiler\ti-cgt-arm_18.12.4.LTS\lib\</path>
         <kind>archive</kind>
         <file>rtsv7M4_T_le_v4SPD16_eabi.lib</file>
         <name>fputs.c.obj</name>
      </input_file>
      <input_file id="fl-c6">
         <path>C:\ti\ccs930\ccs\tools\compiler\ti-cgt-arm_18.12.4.LTS\lib\</path>
         <kind>archive</kind>
         <file>rtsv7M4_T_le_v4SPD16_eabi.lib</file>
         <name>_io_perm.c.obj</name>
      </input_file>
      <input_file id="fl-c7">
         <path>C:\ti\ccs930\ccs\tools\compiler\ti-cgt-arm_18.12.4.LTS\lib\</path>
         <kind>archive</kind>
         <file>rtsv7M4_T_le_v4SPD16_eabi.lib</file>
         <name>setvbuf.c.obj</name>
      </input_file>
      <input_file id="fl-c8">
         <path>C:\ti\ccs930\ccs\tools\compiler\ti-cgt-arm_18.12.4.LTS\lib\</path>
         <kind>archive</kind>
         <file>rtsv7M4_T_le_v4SPD16_eabi.lib</file>
         <name>fd_add_t2.asm.obj</name>
      </input_file>
      <input_file id="fl-c9">
         <path>C:\ti\ccs930\ccs\tools\compiler\ti-cgt-arm_18.12.4.LTS\lib\</path>
         <kind>archive</kind>
         <file>rtsv7M4_T_le_v4SPD16_eabi.lib</file>
         <name>fd_cmp_t2.asm.obj</name>
      </input_file>
      <input_file id="fl-ca">
         <path>C:\ti\ccs930\ccs\tools\compiler\ti-cgt-arm_18.12.4.LTS\lib\</path>
         <kind>archive</kind>
         <file>rtsv7M4_T_le_v4SPD16_eabi.lib</file>
         <name>fd_div_t2.asm.obj</name>
      </input_file>
      <input_file id="fl-cb">
         <path>C:\ti\ccs930\ccs\tools\compiler\ti-cgt-arm_18.12.4.LTS\lib\</path>
         <kind>archive</kind>
         <file>rtsv7M4_T_le_v4SPD16_eabi.lib</file>
         <name>fd_mul_t2.asm.obj</name>
      </input_file>
      <input_file id="fl-cc">
         <path>C:\ti\ccs930\ccs\tools\compiler\ti-cgt-arm_18.12.4.LTS\lib\</path>
         <kind>archive</kind>
         <file>rtsv7M4_T_le_v4SPD16_eabi.lib</file>
         <name>fd_toi_t2.asm.obj</name>
      </input_file>
      <input_file id="fl-cd">
         <path>C:\ti\ccs930\ccs\tools\compiler\ti-cgt-arm_18.12.4.LTS\lib\</path>
         <kind>archive</kind>
         <file>rtsv7M4_T_le_v4SPD16_eabi.lib</file>
         <name>i_tofd_t2.asm.obj</name>
      </input_file>
      <input_file id="fl-ce">
         <path>C:\ti\ccs930\ccs\tools\compiler\ti-cgt-arm_18.12.4.LTS\lib\</path>
         <kind>archive</kind>
         <file>rtsv7M4_T_le_v4SPD16_eabi.lib</file>
         <name>memcpy_t2.asm.obj</name>
      </input_file>
      <input_file id="fl-cf">
         <path>C:\ti\ccs930\ccs\tools\compiler\ti-cgt-arm_18.12.4.LTS\lib\</path>
         <kind>archive</kind>
         <file>rtsv7M4_T_le_v4SPD16_eabi.lib</file>
         <name>ull_div_t2.asm.obj</name>
      </input_file>
      <input_file id="fl-d0">
         <path>C:\ti\ccs930\ccs\tools\compiler\ti-cgt-arm_18.12.4.LTS\lib\</path>
         <kind>archive</kind>
         <file>rtsv7M4_T_le_v4SPD16_eabi.lib</file>
         <name>memset_t2.asm.obj</name>
      </input_file>
      <input_file id="fl-d1">
         <path>C:\ti\ccs930\ccs\tools\compiler\ti-cgt-arm_18.12.4.LTS\lib\</path>
         <kind>archive</kind>
         <file>rtsv7M4_T_le_v4SPD16_eabi.lib</file>
         <name>copy_zero_init.c.obj</name>
      </input_file>
      <input_file id="fl-d2">
         <path>C:\ti\ccs930\ccs\tools\compiler\ti-cgt-arm_18.12.4.LTS\lib\</path>
         <kind>archive</kind>
         <file>rtsv7M4_T_le_v4SPD16_eabi.lib</file>
         <name>copy_decompress_none.c.obj</name>
      </input_file>
      <input_file id="fl-d3">
         <path>C:\ti\ccs930\ccs\tools\compiler\ti-cgt-arm_18.12.4.LTS\lib\</path>
         <kind>archive</kind>
         <file>rtsv7M4_T_le_v4SPD16_eabi.lib</file>
         <name>copy_decompress_lzss.c.obj</name>
      </input_file>
      <input_file id="fl-d4">
         <path>C:\ti\ccs930\ccs\tools\compiler\ti-cgt-arm_18.12.4.LTS\lib\</path>
         <kind>archive</kind>
         <file>rtsv7M4_T_le_v4SPD16_eabi.lib</file>
         <name>exit.c.obj</name>
      </input_file>
      <input_file id="fl-d5">
         <path>C:\ti\ccs930\ccs\tools\compiler\ti-cgt-arm_18.12.4.LTS\lib\</path>
         <kind>archive</kind>
         <file>rtsv7M4_T_le_v4SPD16_eabi.lib</file>
         <name>_lock.c.obj</name>
      </input_file>
      <input_file id="fl-d6">
         <path>C:\ti\ccs930\ccs\tools\compiler\ti-cgt-arm_18.12.4.LTS\lib\</path>
         <kind>archive</kind>
         <file>rtsv7M4_T_le_v4SPD16_eabi.lib</file>
         <name>atoi.c.obj</name>
      </input_file>
      <input_file id="fl-d7">
         <path>C:\ti\ccs930\ccs\tools\compiler\ti-cgt-arm_18.12.4.LTS\lib\</path>
         <kind>archive</kind>
         <file>rtsv7M4_T_le_v4SPD16_eabi.lib</file>
         <name>ctype.c.obj</name>
      </input_file>
      <input_file id="fl-d8">
         <path>C:\ti\ccs930\ccs\tools\compiler\ti-cgt-arm_18.12.4.LTS\lib\</path>
         <kind>archive</kind>
         <file>rtsv7M4_T_le_v4SPD16_eabi.lib</file>
         <name>defs.c.obj</name>
      </input_file>
      <input_file id="fl-d9">
         <path>C:\ti\ccs930\ccs\tools\compiler\ti-cgt-arm_18.12.4.LTS\lib\</path>
         <kind>archive</kind>
         <file>rtsv7M4_T_le_v4SPD16_eabi.lib</file>
         <name>ltoa.c.obj</name>
      </input_file>
      <input_file id="fl-da">
         <path>C:\ti\ccs930\ccs\tools\compiler\ti-cgt-arm_18.12.4.LTS\lib\</path>
         <kind>archive</kind>
         <file>rtsv7M4_T_le_v4SPD16_eabi.lib</file>
         <name>memccpy.c.obj</name>
      </input_file>
      <input_file id="fl-db">
         <path>C:\ti\ccs930\ccs\tools\compiler\ti-cgt-arm_18.12.4.LTS\lib\</path>
         <kind>archive</kind>
         <file>rtsv7M4_T_le_v4SPD16_eabi.lib</file>
         <name>memchr.c.obj</name>
      </input_file>
      <input_file id="fl-dc">
         <path>C:\ti\ccs930\ccs\tools\compiler\ti-cgt-arm_18.12.4.LTS\lib\</path>
         <kind>archive</kind>
         <file>rtsv7M4_T_le_v4SPD16_eabi.lib</file>
         <name>memory.c.obj</name>
      </input_file>
      <input_file id="fl-dd">
         <path>C:\ti\ccs930\ccs\tools\compiler\ti-cgt-arm_18.12.4.LTS\lib\</path>
         <kind>archive</kind>
         <file>rtsv7M4_T_le_v4SPD16_eabi.lib</file>
         <name>strchr.c.obj</name>
      </input_file>
      <input_file id="fl-de">
         <path>C:\ti\ccs930\ccs\tools\compiler\ti-cgt-arm_18.12.4.LTS\lib\</path>
         <kind>archive</kind>
         <file>rtsv7M4_T_le_v4SPD16_eabi.lib</file>
         <name>strlen.c.obj</name>
      </input_file>
      <input_file id="fl-df">
         <path>C:\ti\ccs930\ccs\tools\compiler\ti-cgt-arm_18.12.4.LTS\lib\</path>
         <kind>archive</kind>
         <file>rtsv7M4_T_le_v4SPD16_eabi.lib</file>
         <name>write.c.obj</name>
      </input_file>
      <input_file id="fl-e0">
         <path>C:\ti\ccs930\ccs\tools\compiler\ti-cgt-arm_18.12.4.LTS\lib\</path>
         <kind>archive</kind>
         <file>rtsv7M4_T_le_v4SPD16_eabi.lib</file>
         <name>host_device.c.obj</name>
      </input_file>
      <input_file id="fl-e1">
         <path>C:\ti\ccs930\ccs\tools\compiler\ti-cgt-arm_18.12.4.LTS\lib\</path>
         <kind>archive</kind>
         <file>rtsv7M4_T_le_v4SPD16_eabi.lib</file>
         <name>boot_cortex_m.c.obj</name>
      </input_file>
      <input_file id="fl-e2">
         <path>C:\ti\ccs930\ccs\tools\compiler\ti-cgt-arm_18.12.4.LTS\lib\</path>
         <kind>archive</kind>
         <file>rtsv7M4_T_le_v4SPD16_eabi.lib</file>
         <name>errno.c.obj</name>
      </input_file>
      <input_file id="fl-e3">
         <path>C:\ti\ccs930\ccs\tools\compiler\ti-cgt-arm_18.12.4.LTS\lib\</path>
         <kind>archive</kind>
         <file>rtsv7M4_T_le_v4SPD16_eabi.lib</file>
         <name>wcslen.c.obj</name>
      </input_file>
      <input_file id="fl-e4">
         <path>C:\ti\ccs930\ccs\tools\compiler\ti-cgt-arm_18.12.4.LTS\lib\</path>
         <kind>archive</kind>
         <file>rtsv7M4_T_le_v4SPD16_eabi.lib</file>
         <name>s_frexp.c.obj</name>
      </input_file>
      <input_file id="fl-e5">
         <path>C:\ti\ccs930\ccs\tools\compiler\ti-cgt-arm_18.12.4.LTS\lib\</path>
         <kind>archive</kind>
         <file>rtsv7M4_T_le_v4SPD16_eabi.lib</file>
         <name>s_scalbn.c.obj</name>
      </input_file>
      <input_file id="fl-e6">
         <path>C:\ti\ccs930\ccs\tools\compiler\ti-cgt-arm_18.12.4.LTS\lib\</path>
         <kind>archive</kind>
         <file>rtsv7M4_T_le_v4SPD16_eabi.lib</file>
         <name>fflush.c.obj</name>
      </input_file>
      <input_file id="fl-e7">
         <path>C:\ti\ccs930\ccs\tools\compiler\ti-cgt-arm_18.12.4.LTS\lib\</path>
         <kind>archive</kind>
         <file>rtsv7M4_T_le_v4SPD16_eabi.lib</file>
         <name>fopen.c.obj</name>
      </input_file>
      <input_file id="fl-e8">
         <path>C:\ti\ccs930\ccs\tools\compiler\ti-cgt-arm_18.12.4.LTS\lib\</path>
         <kind>archive</kind>
         <file>rtsv7M4_T_le_v4SPD16_eabi.lib</file>
         <name>fseek.c.obj</name>
      </input_file>
      <input_file id="fl-e9">
         <path>C:\ti\ccs930\ccs\tools\compiler\ti-cgt-arm_18.12.4.LTS\lib\</path>
         <kind>archive</kind>
         <file>rtsv7M4_T_le_v4SPD16_eabi.lib</file>
         <name>div0.asm.obj</name>
      </input_file>
      <input_file id="fl-ea">
         <path>C:\ti\ccs930\ccs\tools\compiler\ti-cgt-arm_18.12.4.LTS\lib\</path>
         <kind>archive</kind>
         <file>rtsv7M4_T_le_v4SPD16_eabi.lib</file>
         <name>autoinit.c.obj</name>
      </input_file>
      <input_file id="fl-eb">
         <path>C:\ti\ccs930\ccs\tools\compiler\ti-cgt-arm_18.12.4.LTS\lib\</path>
         <kind>archive</kind>
         <file>rtsv7M4_T_le_v4SPD16_eabi.lib</file>
         <name>pre_init.c.obj</name>
      </input_file>
      <input_file id="fl-ec">
         <path>C:\ti\ccs930\ccs\tools\compiler\ti-cgt-arm_18.12.4.LTS\lib\</path>
         <kind>archive</kind>
         <file>rtsv7M4_T_le_v4SPD16_eabi.lib</file>
         <name>cpy_tbl.c.obj</name>
      </input_file>
      <input_file id="fl-ed">
         <path>C:\ti\ccs930\ccs\tools\compiler\ti-cgt-arm_18.12.4.LTS\lib\</path>
         <kind>archive</kind>
         <file>rtsv7M4_T_le_v4SPD16_eabi.lib</file>
         <name>args_main.c.obj</name>
      </input_file>
      <input_file id="fl-ee">
         <path>C:\ti\ccs930\ccs\tools\compiler\ti-cgt-arm_18.12.4.LTS\lib\</path>
         <kind>archive</kind>
         <file>rtsv7M4_T_le_v4SPD16_eabi.lib</file>
         <name>hostclose.c.obj</name>
      </input_file>
      <input_file id="fl-ef">
         <path>C:\ti\ccs930\ccs\tools\compiler\ti-cgt-arm_18.12.4.LTS\lib\</path>
         <kind>archive</kind>
         <file>rtsv7M4_T_le_v4SPD16_eabi.lib</file>
         <name>hostlseek.c.obj</name>
      </input_file>
      <input_file id="fl-f0">
         <path>C:\ti\ccs930\ccs\tools\compiler\ti-cgt-arm_18.12.4.LTS\lib\</path>
         <kind>archive</kind>
         <file>rtsv7M4_T_le_v4SPD16_eabi.lib</file>
         <name>hostopen.c.obj</name>
      </input_file>
      <input_file id="fl-f1">
         <path>C:\ti\ccs930\ccs\tools\compiler\ti-cgt-arm_18.12.4.LTS\lib\</path>
         <kind>archive</kind>
         <file>rtsv7M4_T_le_v4SPD16_eabi.lib</file>
         <name>hostread.c.obj</name>
      </input_file>
      <input_file id="fl-f2">
         <path>C:\ti\ccs930\ccs\tools\compiler\ti-cgt-arm_18.12.4.LTS\lib\</path>
         <kind>archive</kind>
         <file>rtsv7M4_T_le_v4SPD16_eabi.lib</file>
         <name>hostrename.c.obj</name>
      </input_file>
      <input_file id="fl-f3">
         <path>C:\ti\ccs930\ccs\tools\compiler\ti-cgt-arm_18.12.4.LTS\lib\</path>
         <kind>archive</kind>
         <file>rtsv7M4_T_le_v4SPD16_eabi.lib</file>
         <name>hostunlink.c.obj</name>
      </input_file>
      <input_file id="fl-f4">
         <path>C:\ti\ccs930\ccs\tools\compiler\ti-cgt-arm_18.12.4.LTS\lib\</path>
         <kind>archive</kind>
         <file>rtsv7M4_T_le_v4SPD16_eabi.lib</file>
         <name>hostwrite.c.obj</name>
      </input_file>
      <input_file id="fl-f5">
         <path>C:\ti\ccs930\ccs\tools\compiler\ti-cgt-arm_18.12.4.LTS\lib\</path>
         <kind>archive</kind>
         <file>rtsv7M4_T_le_v4SPD16_eabi.lib</file>
         <name>trgmsg.c.obj</name>
      </input_file>
      <input_file id="fl-f6">
         <path>C:\ti\ccs930\ccs\tools\compiler\ti-cgt-arm_18.12.4.LTS\lib\</path>
         <kind>archive</kind>
         <file>rtsv7M4_T_le_v4SPD16_eabi.lib</file>
         <name>open.c.obj</name>
      </input_file>
      <input_file id="fl-f7">
         <path>C:\ti\ccs930\ccs\tools\compiler\ti-cgt-arm_18.12.4.LTS\lib\</path>
         <kind>archive</kind>
         <file>rtsv7M4_T_le_v4SPD16_eabi.lib</file>
         <name>lseek.c.obj</name>
      </input_file>
      <input_file id="fl-f8">
         <path>C:\ti\ccs930\ccs\tools\compiler\ti-cgt-arm_18.12.4.LTS\lib\</path>
         <kind>archive</kind>
         <file>rtsv7M4_T_le_v4SPD16_eabi.lib</file>
         <name>s_copysign.c.obj</name>
      </input_file>
      <input_file id="fl-f9">
         <path>C:\ti\ccs930\ccs\tools\compiler\ti-cgt-arm_18.12.4.LTS\lib\</path>
         <kind>archive</kind>
         <file>rtsv7M4_T_le_v4SPD16_eabi.lib</file>
         <name>fclose.c.obj</name>
      </input_file>
      <input_file id="fl-fa">
         <path>C:\ti\ccs930\ccs\tools\compiler\ti-cgt-arm_18.12.4.LTS\lib\</path>
         <kind>archive</kind>
         <file>rtsv7M4_T_le_v4SPD16_eabi.lib</file>
         <name>getdevice.c.obj</name>
      </input_file>
      <input_file id="fl-fb">
         <path>C:\ti\ccs930\ccs\tools\compiler\ti-cgt-arm_18.12.4.LTS\lib\</path>
         <kind>archive</kind>
         <file>rtsv7M4_T_le_v4SPD16_eabi.lib</file>
         <name>strcmp.c.obj</name>
      </input_file>
      <input_file id="fl-fc">
         <path>C:\ti\ccs930\ccs\tools\compiler\ti-cgt-arm_18.12.4.LTS\lib\</path>
         <kind>archive</kind>
         <file>rtsv7M4_T_le_v4SPD16_eabi.lib</file>
         <name>strcpy.c.obj</name>
      </input_file>
      <input_file id="fl-fd">
         <path>C:\ti\ccs930\ccs\tools\compiler\ti-cgt-arm_18.12.4.LTS\lib\</path>
         <kind>archive</kind>
         <file>rtsv7M4_T_le_v4SPD16_eabi.lib</file>
         <name>strncpy.c.obj</name>
      </input_file>
      <input_file id="fl-fe">
         <path>C:\ti\ccs930\ccs\tools\compiler\ti-cgt-arm_18.12.4.LTS\lib\</path>
         <kind>archive</kind>
         <file>rtsv7M4_T_le_v4SPD16_eabi.lib</file>
         <name>remove.c.obj</name>
      </input_file>
      <input_file id="fl-ff">
         <path>C:\ti\ccs930\ccs\tools\compiler\ti-cgt-arm_18.12.4.LTS\lib\</path>
         <kind>archive</kind>
         <file>rtsv7M4_T_le_v4SPD16_eabi.lib</file>
         <name>close.c.obj</name>
      </input_file>
      <input_file id="fl-100">
         <path>C:\ti\ccs930\ccs\tools\compiler\ti-cgt-arm_18.12.4.LTS\lib\</path>
         <kind>archive</kind>
         <file>rtsv7M4_T_le_v4SPD16_eabi.lib</file>
         <name>unlink.c.obj</name>
      </input_file>
   </input_file_list>
   <object_component_list>
      <object_component id="oc-23">
         <name>.intvecs:retain</name>
         <load_address>0x0</load_address>
         <run_address>0x0</run_address>
         <size>0xe4</size>
         <input_file_ref idref="fl-7"/>
      </object_component>
      <object_component id="oc-19c">
         <name>.text:__TI_printfi</name>
         <load_address>0xe4</load_address>
         <run_address>0xe4</run_address>
         <size>0xa4e</size>
         <input_file_ref idref="fl-c3"/>
      </object_component>
      <object_component id="oc-1ba">
         <name>.text:_nop</name>
         <load_address>0xb32</load_address>
         <run_address>0xb32</run_address>
         <size>0x2</size>
         <input_file_ref idref="fl-d5"/>
      </object_component>
      <object_component id="oc-6d">
         <name>.text</name>
         <load_address>0xb34</load_address>
         <run_address>0xb34</run_address>
         <size>0x6c8</size>
         <input_file_ref idref="fl-5"/>
      </object_component>
      <object_component id="oc-f7">
         <name>.text</name>
         <load_address>0x11fc</load_address>
         <run_address>0x11fc</run_address>
         <size>0x534</size>
         <input_file_ref idref="fl-6"/>
      </object_component>
      <object_component id="oc-af">
         <name>.text</name>
         <load_address>0x1730</load_address>
         <run_address>0x1730</run_address>
         <size>0x32c</size>
         <input_file_ref idref="fl-8"/>
      </object_component>
      <object_component id="oc-204">
         <name>.text:_pconv_a</name>
         <load_address>0x1a5c</load_address>
         <run_address>0x1a5c</run_address>
         <size>0x270</size>
         <input_file_ref idref="fl-c3"/>
      </object_component>
      <object_component id="oc-9d">
         <name>.text</name>
         <load_address>0x1ccc</load_address>
         <run_address>0x1ccc</run_address>
         <size>0x268</size>
         <input_file_ref idref="fl-3"/>
      </object_component>
      <object_component id="oc-eb">
         <name>.text</name>
         <load_address>0x1f34</load_address>
         <run_address>0x1f34</run_address>
         <size>0x1e0</size>
         <input_file_ref idref="fl-2"/>
      </object_component>
      <object_component id="oc-1f2">
         <name>.text:_pconv_g</name>
         <load_address>0x2114</load_address>
         <run_address>0x2114</run_address>
         <size>0x1d0</size>
         <input_file_ref idref="fl-c3"/>
      </object_component>
      <object_component id="oc-282">
         <name>.text</name>
         <load_address>0x22e4</load_address>
         <run_address>0x22e4</run_address>
         <size>0x1b6</size>
         <input_file_ref idref="fl-c8"/>
      </object_component>
      <object_component id="oc-2f9">
         <name>.text</name>
         <load_address>0x249a</load_address>
         <run_address>0x249a</run_address>
         <size>0x2</size>
         <input_file_ref idref="fl-e9"/>
      </object_component>
      <object_component id="oc-f1">
         <name>.text</name>
         <load_address>0x249c</load_address>
         <run_address>0x249c</run_address>
         <size>0x13c</size>
         <input_file_ref idref="fl-4"/>
      </object_component>
      <object_component id="oc-1fe">
         <name>.text:_pconv_e</name>
         <load_address>0x25d8</load_address>
         <run_address>0x25d8</run_address>
         <size>0x13c</size>
         <input_file_ref idref="fl-c3"/>
      </object_component>
      <object_component id="oc-268">
         <name>.text</name>
         <load_address>0x2714</load_address>
         <run_address>0x2714</run_address>
         <size>0x136</size>
         <input_file_ref idref="fl-ca"/>
      </object_component>
      <object_component id="oc-294">
         <name>.text:fcvt</name>
         <load_address>0x284c</load_address>
         <run_address>0x284c</run_address>
         <size>0x124</size>
         <input_file_ref idref="fl-c3"/>
      </object_component>
      <object_component id="oc-3a4">
         <name>.text:aligned_alloc</name>
         <load_address>0x2970</load_address>
         <run_address>0x2970</run_address>
         <size>0x118</size>
         <input_file_ref idref="fl-dc"/>
      </object_component>
      <object_component id="oc-22c">
         <name>.text:fputs</name>
         <load_address>0x2a88</load_address>
         <run_address>0x2a88</run_address>
         <size>0x114</size>
         <input_file_ref idref="fl-c5"/>
      </object_component>
      <object_component id="oc-2a8">
         <name>.text:scalbn</name>
         <load_address>0x2b9c</load_address>
         <run_address>0x2b9c</run_address>
         <size>0x110</size>
         <input_file_ref idref="fl-e5"/>
      </object_component>
      <object_component id="oc-263">
         <name>.text</name>
         <load_address>0x2cac</load_address>
         <run_address>0x2cac</run_address>
         <size>0xfc</size>
         <input_file_ref idref="fl-cb"/>
      </object_component>
      <object_component id="oc-362">
         <name>.text:free</name>
         <load_address>0x2da8</load_address>
         <run_address>0x2da8</run_address>
         <size>0xe4</size>
         <input_file_ref idref="fl-dc"/>
      </object_component>
      <object_component id="oc-334">
         <name>.text:setvbuf</name>
         <load_address>0x2e8c</load_address>
         <run_address>0x2e8c</run_address>
         <size>0xdc</size>
         <input_file_ref idref="fl-c7"/>
      </object_component>
      <object_component id="oc-1e7">
         <name>.text:_ltostr</name>
         <load_address>0x2f68</load_address>
         <run_address>0x2f68</run_address>
         <size>0xb1</size>
         <input_file_ref idref="fl-c3"/>
      </object_component>
      <object_component id="oc-37">
         <name>.text</name>
         <load_address>0x301a</load_address>
         <run_address>0x301a</run_address>
         <size>0x9c</size>
         <input_file_ref idref="fl-ce"/>
      </object_component>
      <object_component id="oc-25c">
         <name>.text</name>
         <load_address>0x30b6</load_address>
         <run_address>0x30b6</run_address>
         <size>0x96</size>
         <input_file_ref idref="fl-cf"/>
      </object_component>
      <object_component id="oc-233">
         <name>.text:fputc</name>
         <load_address>0x314c</load_address>
         <run_address>0x314c</run_address>
         <size>0x8c</size>
         <input_file_ref idref="fl-c4"/>
      </object_component>
      <object_component id="oc-1ed">
         <name>.text:__aeabi_cdcmple</name>
         <load_address>0x31d8</load_address>
         <run_address>0x31d8</run_address>
         <size>0x86</size>
         <input_file_ref idref="fl-c9"/>
      </object_component>
      <object_component id="oc-26d">
         <name>.text:__aeabi_cdrcmple</name>
         <load_address>0x325e</load_address>
         <run_address>0x325e</run_address>
         <size>0x86</size>
         <input_file_ref idref="fl-c9"/>
      </object_component>
      <object_component id="oc-91">
         <name>.text</name>
         <load_address>0x32e4</load_address>
         <run_address>0x32e4</run_address>
         <size>0x7a</size>
         <input_file_ref idref="fl-d0"/>
      </object_component>
      <object_component id="oc-3ab">
         <name>.text:__TI_closefile</name>
         <load_address>0x3360</load_address>
         <run_address>0x3360</run_address>
         <size>0x74</size>
         <input_file_ref idref="fl-f9"/>
      </object_component>
      <object_component id="oc-3ec">
         <name>.text:split</name>
         <load_address>0x33d4</load_address>
         <run_address>0x33d4</run_address>
         <size>0x70</size>
         <input_file_ref idref="fl-dc"/>
      </object_component>
      <object_component id="oc-28d">
         <name>.text:_mcpy</name>
         <load_address>0x3444</load_address>
         <run_address>0x3444</run_address>
         <size>0x6e</size>
         <input_file_ref idref="fl-c3"/>
      </object_component>
      <object_component id="oc-3db">
         <name>.text:HOSTrename</name>
         <load_address>0x34b4</load_address>
         <run_address>0x34b4</run_address>
         <size>0x6c</size>
         <input_file_ref idref="fl-f2"/>
      </object_component>
      <object_component id="oc-3cf">
         <name>.text:HOSTlseek</name>
         <load_address>0x3520</load_address>
         <run_address>0x3520</run_address>
         <size>0x68</size>
         <input_file_ref idref="fl-ef"/>
      </object_component>
      <object_component id="oc-14">
         <name>.text:decompress:lzss:__TI_decompress_lzss</name>
         <load_address>0x3588</load_address>
         <run_address>0x3588</run_address>
         <size>0x68</size>
         <input_file_ref idref="fl-d3"/>
      </object_component>
      <object_component id="oc-163">
         <name>.text:printf</name>
         <load_address>0x35f0</load_address>
         <run_address>0x35f0</run_address>
         <size>0x68</size>
         <input_file_ref idref="fl-c2"/>
      </object_component>
      <object_component id="oc-2a2">
         <name>.text:frexp</name>
         <load_address>0x3658</load_address>
         <run_address>0x3658</run_address>
         <size>0x64</size>
         <input_file_ref idref="fl-e4"/>
      </object_component>
      <object_component id="oc-32e">
         <name>.text:fseek</name>
         <load_address>0x36bc</load_address>
         <run_address>0x36bc</run_address>
         <size>0x64</size>
         <input_file_ref idref="fl-e8"/>
      </object_component>
      <object_component id="oc-2d6">
         <name>.text:__TI_wrt_ok</name>
         <load_address>0x3720</load_address>
         <run_address>0x3720</run_address>
         <size>0x62</size>
         <input_file_ref idref="fl-c6"/>
      </object_component>
      <object_component id="oc-3b7">
         <name>.text:HOSTopen</name>
         <load_address>0x3784</load_address>
         <run_address>0x3784</run_address>
         <size>0x60</size>
         <input_file_ref idref="fl-f0"/>
      </object_component>
      <object_component id="oc-3f3">
         <name>.text:close</name>
         <load_address>0x37e4</load_address>
         <run_address>0x37e4</run_address>
         <size>0x5c</size>
         <input_file_ref idref="fl-ff"/>
      </object_component>
      <object_component id="oc-3c3">
         <name>.text:HOSTread</name>
         <load_address>0x3840</load_address>
         <run_address>0x3840</run_address>
         <size>0x58</size>
         <input_file_ref idref="fl-f1"/>
      </object_component>
      <object_component id="oc-3c9">
         <name>.text:HOSTwrite</name>
         <load_address>0x3898</load_address>
         <run_address>0x3898</run_address>
         <size>0x58</size>
         <input_file_ref idref="fl-f4"/>
      </object_component>
      <object_component id="oc-1f8">
         <name>.text:_pconv_f</name>
         <load_address>0x38f0</load_address>
         <run_address>0x38f0</run_address>
         <size>0x56</size>
         <input_file_ref idref="fl-c3"/>
      </object_component>
      <object_component id="oc-277">
         <name>.text:ltoa</name>
         <load_address>0x3946</load_address>
         <run_address>0x3946</run_address>
         <size>0x54</size>
         <input_file_ref idref="fl-d9"/>
      </object_component>
      <object_component id="oc-287">
         <name>.text:_ecpy</name>
         <load_address>0x399a</load_address>
         <run_address>0x399a</run_address>
         <size>0x52</size>
         <input_file_ref idref="fl-c3"/>
      </object_component>
      <object_component id="oc-2e2">
         <name>.text:__TI_doflush</name>
         <load_address>0x39ec</load_address>
         <run_address>0x39ec</run_address>
         <size>0x4c</size>
         <input_file_ref idref="fl-e6"/>
      </object_component>
      <object_component id="oc-1e1">
         <name>.text:atoi</name>
         <load_address>0x3a38</load_address>
         <run_address>0x3a38</run_address>
         <size>0x4c</size>
         <input_file_ref idref="fl-d6"/>
      </object_component>
      <object_component id="oc-108">
         <name>.text:exit</name>
         <load_address>0x3a84</load_address>
         <run_address>0x3a84</run_address>
         <size>0x48</size>
         <input_file_ref idref="fl-d4"/>
      </object_component>
      <object_component id="oc-272">
         <name>.text</name>
         <load_address>0x3acc</load_address>
         <run_address>0x3acc</run_address>
         <size>0x48</size>
         <input_file_ref idref="fl-cc"/>
      </object_component>
      <object_component id="oc-3bd">
         <name>.text:HOSTclose</name>
         <load_address>0x3b14</load_address>
         <run_address>0x3b14</run_address>
         <size>0x44</size>
         <input_file_ref idref="fl-ee"/>
      </object_component>
      <object_component id="oc-3d5">
         <name>.text:HOSTunlink</name>
         <load_address>0x3b58</load_address>
         <run_address>0x3b58</run_address>
         <size>0x44</size>
         <input_file_ref idref="fl-f3"/>
      </object_component>
      <object_component id="oc-10e">
         <name>.text:__TI_auto_init_nobinit_nopinit:__TI_auto_init_nobinit_nopinit</name>
         <load_address>0x3b9c</load_address>
         <run_address>0x3b9c</run_address>
         <size>0x44</size>
         <input_file_ref idref="fl-ea"/>
      </object_component>
      <object_component id="oc-42b">
         <name>.text:getdevice</name>
         <load_address>0x3be0</load_address>
         <run_address>0x3be0</run_address>
         <size>0x44</size>
         <input_file_ref idref="fl-fa"/>
      </object_component>
      <object_component id="oc-29a">
         <name>.text:_fcpy</name>
         <load_address>0x3c24</load_address>
         <run_address>0x3c24</run_address>
         <size>0x3e</size>
         <input_file_ref idref="fl-c3"/>
      </object_component>
      <object_component id="oc-404">
         <name>.text:__TI_writemsg</name>
         <load_address>0x3c64</load_address>
         <run_address>0x3c64</run_address>
         <size>0x38</size>
         <input_file_ref idref="fl-f5"/>
      </object_component>
      <object_component id="oc-44d">
         <name>.text:strncpy</name>
         <load_address>0x3c9c</load_address>
         <run_address>0x3c9c</run_address>
         <size>0x36</size>
         <input_file_ref idref="fl-fd"/>
      </object_component>
      <object_component id="oc-36e">
         <name>.text:__TI_cleanup</name>
         <load_address>0x3cd4</load_address>
         <run_address>0x3cd4</run_address>
         <size>0x34</size>
         <input_file_ref idref="fl-e7"/>
      </object_component>
      <object_component id="oc-40a">
         <name>.text:__TI_readmsg</name>
         <load_address>0x3d08</load_address>
         <run_address>0x3d08</run_address>
         <size>0x34</size>
         <input_file_ref idref="fl-f5"/>
      </object_component>
      <object_component id="oc-55">
         <name>.text:_c_int00_noargs:_c_int00_noargs</name>
         <load_address>0x3d3c</load_address>
         <run_address>0x3d3c</run_address>
         <size>0x34</size>
         <input_file_ref idref="fl-e1"/>
      </object_component>
      <object_component id="oc-453">
         <name>.text:finddevice</name>
         <load_address>0x3d70</load_address>
         <run_address>0x3d70</run_address>
         <size>0x30</size>
         <input_file_ref idref="fl-fa"/>
      </object_component>
      <object_component id="oc-27d">
         <name>.text</name>
         <load_address>0x3da0</load_address>
         <run_address>0x3da0</run_address>
         <size>0x2e</size>
         <input_file_ref idref="fl-cd"/>
      </object_component>
      <object_component id="oc-3f9">
         <name>.text:unlink</name>
         <load_address>0x3dd0</load_address>
         <run_address>0x3dd0</run_address>
         <size>0x2c</size>
         <input_file_ref idref="fl-100"/>
      </object_component>
      <object_component id="oc-39d">
         <name>.text:free_list_insert</name>
         <load_address>0x3dfc</load_address>
         <run_address>0x3dfc</run_address>
         <size>0x28</size>
         <input_file_ref idref="fl-dc"/>
      </object_component>
      <object_component id="oc-35a">
         <name>.text:lseek</name>
         <load_address>0x3e24</load_address>
         <run_address>0x3e24</run_address>
         <size>0x28</size>
         <input_file_ref idref="fl-f7"/>
      </object_component>
      <object_component id="oc-2e8">
         <name>.text:write</name>
         <load_address>0x3e4c</load_address>
         <run_address>0x3e4c</run_address>
         <size>0x28</size>
         <input_file_ref idref="fl-df"/>
      </object_component>
      <object_component id="oc-2dc">
         <name>.text:memchr</name>
         <load_address>0x3e74</load_address>
         <run_address>0x3e74</run_address>
         <size>0x20</size>
         <input_file_ref idref="fl-db"/>
      </object_component>
      <object_component id="oc-43">
         <name>.text:decompress:ZI:__TI_zero_init_nomemset:__TI_zero_init_nomemset</name>
         <load_address>0x3e94</load_address>
         <run_address>0x3e94</run_address>
         <size>0x1c</size>
         <input_file_ref idref="fl-d1"/>
      </object_component>
      <object_component id="oc-397">
         <name>.text:free_list_remove</name>
         <load_address>0x3eb0</load_address>
         <run_address>0x3eb0</run_address>
         <size>0x1c</size>
         <input_file_ref idref="fl-dc"/>
      </object_component>
      <object_component id="oc-20a">
         <name>.text:memccpy</name>
         <load_address>0x3ecc</load_address>
         <run_address>0x3ecc</run_address>
         <size>0x1c</size>
         <input_file_ref idref="fl-da"/>
      </object_component>
      <object_component id="oc-312">
         <name>.text:copysign</name>
         <load_address>0x3ee8</load_address>
         <run_address>0x3ee8</run_address>
         <size>0x1a</size>
         <input_file_ref idref="fl-f8"/>
      </object_component>
      <object_component id="oc-46a">
         <name>.text:strcmp</name>
         <load_address>0x3f02</load_address>
         <run_address>0x3f02</run_address>
         <size>0x18</size>
         <input_file_ref idref="fl-fb"/>
      </object_component>
      <object_component id="oc-2ae">
         <name>.text:strchr</name>
         <load_address>0x3f1a</load_address>
         <run_address>0x3f1a</run_address>
         <size>0x16</size>
         <input_file_ref idref="fl-dd"/>
      </object_component>
      <object_component id="oc-41e">
         <name>.text:strcpy</name>
         <load_address>0x3f30</load_address>
         <run_address>0x3f30</run_address>
         <size>0x14</size>
         <input_file_ref idref="fl-fc"/>
      </object_component>
      <object_component id="oc-1db">
         <name>.text:strlen</name>
         <load_address>0x3f44</load_address>
         <run_address>0x3f44</run_address>
         <size>0x14</size>
         <input_file_ref idref="fl-de"/>
      </object_component>
      <object_component id="oc-210">
         <name>.text:wcslen</name>
         <load_address>0x3f58</load_address>
         <run_address>0x3f58</run_address>
         <size>0x12</size>
         <input_file_ref idref="fl-e3"/>
      </object_component>
      <object_component id="oc-1a">
         <name>.text:decompress:none:__TI_decompress_none</name>
         <load_address>0x3f6a</load_address>
         <run_address>0x3f6a</run_address>
         <size>0xe</size>
         <input_file_ref idref="fl-d2"/>
      </object_component>
      <object_component id="oc-67">
         <name>.text</name>
         <load_address>0x3f78</load_address>
         <run_address>0x3f78</run_address>
         <size>0xe</size>
         <input_file_ref idref="fl-7"/>
      </object_component>
      <object_component id="oc-216">
         <name>.text:__aeabi_errno_addr</name>
         <load_address>0x3f88</load_address>
         <run_address>0x3f88</run_address>
         <size>0x8</size>
         <input_file_ref idref="fl-e2"/>
      </object_component>
      <object_component id="oc-368">
         <name>.text:malloc</name>
         <load_address>0x3f90</load_address>
         <run_address>0x3f90</run_address>
         <size>0x8</size>
         <input_file_ref idref="fl-dc"/>
      </object_component>
      <object_component id="oc-1ab">
         <name>.text:_outc</name>
         <load_address>0x3f98</load_address>
         <run_address>0x3f98</run_address>
         <size>0x4</size>
         <input_file_ref idref="fl-c2"/>
      </object_component>
      <object_component id="oc-1a5">
         <name>.text:_outs</name>
         <load_address>0x3f9c</load_address>
         <run_address>0x3f9c</run_address>
         <size>0x4</size>
         <input_file_ref idref="fl-c2"/>
      </object_component>
      <object_component id="oc-97">
         <name>.text:_system_pre_init</name>
         <load_address>0x3fa0</load_address>
         <run_address>0x3fa0</run_address>
         <size>0x4</size>
         <input_file_ref idref="fl-eb"/>
      </object_component>
      <object_component id="oc-102">
         <name>.text:abort:abort</name>
         <load_address>0x3fa4</load_address>
         <run_address>0x3fa4</run_address>
         <size>0x4</size>
         <input_file_ref idref="fl-d4"/>
      </object_component>
      <object_component id="oc-257">
         <name>.const:.string:_ctypes_</name>
         <load_address>0x3fa8</load_address>
         <run_address>0x3fa8</run_address>
         <size>0x101</size>
         <input_file_ref idref="fl-d7"/>
      </object_component>
      <object_component id="oc-15c">
         <name>.const:Mask</name>
         <load_address>0x40ac</load_address>
         <run_address>0x40ac</run_address>
         <size>0x20</size>
         <input_file_ref idref="fl-4"/>
      </object_component>
      <object_component id="oc-15f">
         <name>.const:Weight</name>
         <load_address>0x40cc</load_address>
         <run_address>0x40cc</run_address>
         <size>0x20</size>
         <input_file_ref idref="fl-4"/>
      </object_component>
      <object_component id="oc-4a8">
         <name>.cinit..data.load</name>
         <load_address>0x40f0</load_address>
         <run_address>0x40f0</run_address>
         <size>0x6e</size>
      </object_component>
      <object_component id="oc-4a6">
         <name>__TI_handler_table</name>
         <load_address>0x4160</load_address>
         <run_address>0x4160</run_address>
         <size>0xc</size>
      </object_component>
      <object_component id="oc-4a9">
         <name>.cinit..bss.load</name>
         <load_address>0x4170</load_address>
         <run_address>0x4170</run_address>
         <size>0x8</size>
      </object_component>
      <object_component id="oc-4a7">
         <name>__TI_cinit_table</name>
         <load_address>0x4178</load_address>
         <run_address>0x4178</run_address>
         <size>0x10</size>
      </object_component>
      <object_component id="oc-47b">
         <name>.binit</name>
         <load_address>0x0</load_address>
         <run_address>0x0</run_address>
         <size>0x0</size>
      </object_component>
      <object_component id="oc-158">
         <name>.data</name>
         <load_address>0x200005b8</load_address>
         <run_address>0x200005b8</run_address>
         <size>0x18</size>
         <input_file_ref idref="fl-2"/>
      </object_component>
      <object_component id="oc-b9">
         <name>.data</name>
         <load_address>0x200005ec</load_address>
         <run_address>0x200005ec</run_address>
         <size>0xc</size>
         <input_file_ref idref="fl-5"/>
      </object_component>
      <object_component id="oc-140">
         <name>.data</name>
         <load_address>0x2000060c</load_address>
         <run_address>0x2000060c</run_address>
         <size>0x4</size>
         <input_file_ref idref="fl-8"/>
      </object_component>
      <object_component id="oc-16d">
         <name>.data:$O1$$</name>
         <load_address>0x200005e0</load_address>
         <run_address>0x200005e0</run_address>
         <size>0xc</size>
         <input_file_ref idref="fl-d4"/>
      </object_component>
      <object_component id="oc-170">
         <name>.data:$O1$$</name>
         <load_address>0x200005f8</load_address>
         <run_address>0x200005f8</run_address>
         <size>0x8</size>
         <input_file_ref idref="fl-d5"/>
      </object_component>
      <object_component id="oc-1a2">
         <name>.data:_ftable</name>
         <load_address>0x20000400</load_address>
         <run_address>0x20000400</run_address>
         <size>0xf0</size>
         <input_file_ref idref="fl-d8"/>
      </object_component>
      <object_component id="oc-3b1">
         <name>.data</name>
         <load_address>0x200005d0</load_address>
         <run_address>0x200005d0</run_address>
         <size>0x10</size>
         <input_file_ref idref="fl-d8"/>
      </object_component>
      <object_component id="oc-3e7">
         <name>.data:$O1$$</name>
         <load_address>0x20000600</load_address>
         <run_address>0x20000600</run_address>
         <size>0x8</size>
         <input_file_ref idref="fl-dc"/>
      </object_component>
      <object_component id="oc-381">
         <name>.data:_device</name>
         <load_address>0x200004f0</load_address>
         <run_address>0x200004f0</run_address>
         <size>0x78</size>
         <input_file_ref idref="fl-e0"/>
      </object_component>
      <object_component id="oc-340">
         <name>.data:_stream</name>
         <load_address>0x20000568</load_address>
         <run_address>0x20000568</run_address>
         <size>0x50</size>
         <input_file_ref idref="fl-e0"/>
      </object_component>
      <object_component id="oc-2be">
         <name>.data</name>
         <load_address>0x20000608</load_address>
         <run_address>0x20000608</run_address>
         <size>0x4</size>
         <input_file_ref idref="fl-e2"/>
      </object_component>
      <object_component id="oc-435">
         <name>.bss:_CIOBUF_</name>
         <uninitialized>true</uninitialized>
         <run_address>0x20000610</run_address>
         <size>0x120</size>
         <input_file_ref idref="fl-f5"/>
      </object_component>
      <object_component id="oc-fd">
         <name>.common:Data</name>
         <uninitialized>true</uninitialized>
         <run_address>0x200007e0</run_address>
         <size>0x1</size>
      </object_component>
      <object_component id="oc-100">
         <name>.common:Position</name>
         <uninitialized>true</uninitialized>
         <run_address>0x200007dc</run_address>
         <size>0x4</size>
      </object_component>
      <object_component id="oc-b6">
         <name>.common:LogicData</name>
         <uninitialized>true</uninitialized>
         <run_address>0x200007e1</run_address>
         <size>0x1</size>
      </object_component>
      <object_component id="oc-bc">
         <name>.common:PeriodicTask2</name>
         <uninitialized>true</uninitialized>
         <run_address>0x200007d8</run_address>
         <size>0x4</size>
      </object_component>
      <object_component id="oc-3ff">
         <name>.common:__TI_tmpnams</name>
         <uninitialized>true</uninitialized>
         <run_address>0x20000730</run_address>
         <size>0xa0</size>
      </object_component>
      <object_component id="oc-410">
         <name>.common:parmbuf</name>
         <uninitialized>true</uninitialized>
         <run_address>0x200007d0</run_address>
         <size>0x8</size>
      </object_component>
      <object_component id="oc-26">
         <name>.sysmem</name>
         <uninitialized>true</uninitialized>
         <run_address>0x20000000</run_address>
         <size>0x10</size>
         <input_file_ref idref="fl-dc"/>
      </object_component>
      <object_component id="oc-4ab">
         <name>.sysmem</name>
         <uninitialized>true</uninitialized>
         <run_address>0x20000000</run_address>
         <size>0x0</size>
      </object_component>
      <object_component id="oc-29">
         <name>.stack</name>
         <uninitialized>true</uninitialized>
         <run_address>0x2000fe00</run_address>
         <size>0x4</size>
         <input_file_ref idref="fl-e1"/>
      </object_component>
      <object_component id="oc-4aa">
         <name>.stack</name>
         <uninitialized>true</uninitialized>
         <run_address>0x2000fe00</run_address>
         <size>0x0</size>
      </object_component>
      <object_component id="oc-157">
         <name>.debug_info</name>
         <load_address>0x0</load_address>
         <run_address>0x0</run_address>
         <size>0x5e0</size>
         <input_file_ref idref="fl-2"/>
      </object_component>
      <object_component id="oc-159">
         <name>.debug_info</name>
         <load_address>0x5e0</load_address>
         <run_address>0x5e0</run_address>
         <size>0x23c</size>
         <input_file_ref idref="fl-2"/>
      </object_component>
      <object_component id="oc-ec">
         <name>.debug_info</name>
         <load_address>0x81c</load_address>
         <run_address>0x81c</run_address>
         <size>0x798</size>
         <input_file_ref idref="fl-2"/>
      </object_component>
      <object_component id="oc-190">
         <name>.debug_info</name>
         <load_address>0xfb4</load_address>
         <run_address>0xfb4</run_address>
         <size>0x37e2</size>
         <input_file_ref idref="fl-2"/>
      </object_component>
      <object_component id="oc-ca">
         <name>.debug_info</name>
         <load_address>0x4796</load_address>
         <run_address>0x4796</run_address>
         <size>0x26b</size>
         <input_file_ref idref="fl-2"/>
      </object_component>
      <object_component id="oc-14b">
         <name>.debug_info</name>
         <load_address>0x4a01</load_address>
         <run_address>0x4a01</run_address>
         <size>0x1055</size>
         <input_file_ref idref="fl-2"/>
      </object_component>
      <object_component id="oc-32">
         <name>.debug_info</name>
         <load_address>0x5a56</load_address>
         <run_address>0x5a56</run_address>
         <size>0x84</size>
         <input_file_ref idref="fl-2"/>
      </object_component>
      <object_component id="oc-152">
         <name>.debug_info</name>
         <load_address>0x5ada</load_address>
         <run_address>0x5ada</run_address>
         <size>0x297</size>
         <input_file_ref idref="fl-2"/>
      </object_component>
      <object_component id="oc-be">
         <name>.debug_info</name>
         <load_address>0x5d71</load_address>
         <run_address>0x5d71</run_address>
         <size>0xbb</size>
         <input_file_ref idref="fl-2"/>
      </object_component>
      <object_component id="oc-fe">
         <name>.debug_info</name>
         <load_address>0x5e2c</load_address>
         <run_address>0x5e2c</run_address>
         <size>0x849</size>
         <input_file_ref idref="fl-3"/>
      </object_component>
      <object_component id="oc-9e">
         <name>.debug_info</name>
         <load_address>0x6675</load_address>
         <run_address>0x6675</run_address>
         <size>0x57a</size>
         <input_file_ref idref="fl-3"/>
      </object_component>
      <object_component id="oc-146">
         <name>.debug_info</name>
         <load_address>0x6bef</load_address>
         <run_address>0x6bef</run_address>
         <size>0x37e2</size>
         <input_file_ref idref="fl-3"/>
      </object_component>
      <object_component id="oc-c3">
         <name>.debug_info</name>
         <load_address>0xa3d1</load_address>
         <run_address>0xa3d1</run_address>
         <size>0xc6</size>
         <input_file_ref idref="fl-3"/>
      </object_component>
      <object_component id="oc-199">
         <name>.debug_info</name>
         <load_address>0xa497</load_address>
         <run_address>0xa497</run_address>
         <size>0x67f</size>
         <input_file_ref idref="fl-4"/>
      </object_component>
      <object_component id="oc-160">
         <name>.debug_info</name>
         <load_address>0xab16</load_address>
         <run_address>0xab16</run_address>
         <size>0x18b</size>
         <input_file_ref idref="fl-4"/>
      </object_component>
      <object_component id="oc-15d">
         <name>.debug_info</name>
         <load_address>0xaca1</load_address>
         <run_address>0xaca1</run_address>
         <size>0x187</size>
         <input_file_ref idref="fl-4"/>
      </object_component>
      <object_component id="oc-f3">
         <name>.debug_info</name>
         <load_address>0xae28</load_address>
         <run_address>0xae28</run_address>
         <size>0xa05</size>
         <input_file_ref idref="fl-4"/>
      </object_component>
      <object_component id="oc-b7">
         <name>.debug_info</name>
         <load_address>0xb82d</load_address>
         <run_address>0xb82d</run_address>
         <size>0x63b</size>
         <input_file_ref idref="fl-5"/>
      </object_component>
      <object_component id="oc-ba">
         <name>.debug_info</name>
         <load_address>0xbe68</load_address>
         <run_address>0xbe68</run_address>
         <size>0x21f</size>
         <input_file_ref idref="fl-5"/>
      </object_component>
      <object_component id="oc-70">
         <name>.debug_info</name>
         <load_address>0xc087</load_address>
         <run_address>0xc087</run_address>
         <size>0x3c5a</size>
         <input_file_ref idref="fl-5"/>
      </object_component>
      <object_component id="oc-f8">
         <name>.debug_info</name>
         <load_address>0xfce1</load_address>
         <run_address>0xfce1</run_address>
         <size>0xd47</size>
         <input_file_ref idref="fl-6"/>
      </object_component>
      <object_component id="oc-75">
         <name>.debug_info</name>
         <load_address>0x10a28</load_address>
         <run_address>0x10a28</run_address>
         <size>0x313</size>
         <input_file_ref idref="fl-7"/>
      </object_component>
      <object_component id="oc-24">
         <name>.debug_info</name>
         <load_address>0x10d3b</load_address>
         <run_address>0x10d3b</run_address>
         <size>0x13f</size>
         <input_file_ref idref="fl-7"/>
      </object_component>
      <object_component id="oc-68">
         <name>.debug_info</name>
         <load_address>0x10e7a</load_address>
         <run_address>0x10e7a</run_address>
         <size>0x206</size>
         <input_file_ref idref="fl-7"/>
      </object_component>
      <object_component id="oc-141">
         <name>.debug_info</name>
         <load_address>0x11080</load_address>
         <run_address>0x11080</run_address>
         <size>0x138</size>
         <input_file_ref idref="fl-8"/>
      </object_component>
      <object_component id="oc-b3">
         <name>.debug_info</name>
         <load_address>0x111b8</load_address>
         <run_address>0x111b8</run_address>
         <size>0x2aa</size>
         <input_file_ref idref="fl-8"/>
      </object_component>
      <object_component id="oc-1b2">
         <name>.debug_info</name>
         <load_address>0x11462</load_address>
         <run_address>0x11462</run_address>
         <size>0x3e4</size>
         <input_file_ref idref="fl-c2"/>
      </object_component>
      <object_component id="oc-1ae">
         <name>.debug_info</name>
         <load_address>0x11846</load_address>
         <run_address>0x11846</run_address>
         <size>0x156</size>
         <input_file_ref idref="fl-c2"/>
      </object_component>
      <object_component id="oc-1a7">
         <name>.debug_info</name>
         <load_address>0x1199c</load_address>
         <run_address>0x1199c</run_address>
         <size>0x165</size>
         <input_file_ref idref="fl-c2"/>
      </object_component>
      <object_component id="oc-164">
         <name>.debug_info</name>
         <load_address>0x11b01</load_address>
         <run_address>0x11b01</run_address>
         <size>0x1ab</size>
         <input_file_ref idref="fl-c2"/>
      </object_component>
      <object_component id="oc-23c">
         <name>.debug_info</name>
         <load_address>0x11cac</load_address>
         <run_address>0x11cac</run_address>
         <size>0xb2</size>
         <input_file_ref idref="fl-c2"/>
      </object_component>
      <object_component id="oc-241">
         <name>.debug_info</name>
         <load_address>0x11d5e</load_address>
         <run_address>0x11d5e</run_address>
         <size>0x4e</size>
         <input_file_ref idref="fl-c2"/>
      </object_component>
      <object_component id="oc-1b3">
         <name>.debug_info</name>
         <load_address>0x11dac</load_address>
         <run_address>0x11dac</run_address>
         <size>0x2c</size>
         <input_file_ref idref="fl-c2"/>
      </object_component>
      <object_component id="oc-21d">
         <name>.debug_info</name>
         <load_address>0x11dd8</load_address>
         <run_address>0x11dd8</run_address>
         <size>0x57a</size>
         <input_file_ref idref="fl-c3"/>
      </object_component>
      <object_component id="oc-1e9">
         <name>.debug_info</name>
         <load_address>0x12352</load_address>
         <run_address>0x12352</run_address>
         <size>0x21d</size>
         <input_file_ref idref="fl-c3"/>
      </object_component>
      <object_component id="oc-289">
         <name>.debug_info</name>
         <load_address>0x1256f</load_address>
         <run_address>0x1256f</run_address>
         <size>0x1b2</size>
         <input_file_ref idref="fl-c3"/>
      </object_component>
      <object_component id="oc-28f">
         <name>.debug_info</name>
         <load_address>0x12721</load_address>
         <run_address>0x12721</run_address>
         <size>0x21a</size>
         <input_file_ref idref="fl-c3"/>
      </object_component>
      <object_component id="oc-1f4">
         <name>.debug_info</name>
         <load_address>0x1293b</load_address>
         <run_address>0x1293b</run_address>
         <size>0x3ba</size>
         <input_file_ref idref="fl-c3"/>
      </object_component>
      <object_component id="oc-296">
         <name>.debug_info</name>
         <load_address>0x12cf5</load_address>
         <run_address>0x12cf5</run_address>
         <size>0x304</size>
         <input_file_ref idref="fl-c3"/>
      </object_component>
      <object_component id="oc-29c">
         <name>.debug_info</name>
         <load_address>0x12ff9</load_address>
         <run_address>0x12ff9</run_address>
         <size>0x214</size>
         <input_file_ref idref="fl-c3"/>
      </object_component>
      <object_component id="oc-1fa">
         <name>.debug_info</name>
         <load_address>0x1320d</load_address>
         <run_address>0x1320d</run_address>
         <size>0x214</size>
         <input_file_ref idref="fl-c3"/>
      </object_component>
      <object_component id="oc-200">
         <name>.debug_info</name>
         <load_address>0x13421</load_address>
         <run_address>0x13421</run_address>
         <size>0x303</size>
         <input_file_ref idref="fl-c3"/>
      </object_component>
      <object_component id="oc-206">
         <name>.debug_info</name>
         <load_address>0x13724</load_address>
         <run_address>0x13724</run_address>
         <size>0x4af</size>
         <input_file_ref idref="fl-c3"/>
      </object_component>
      <object_component id="oc-19e">
         <name>.debug_info</name>
         <load_address>0x13bd3</load_address>
         <run_address>0x13bd3</run_address>
         <size>0x5f3</size>
         <input_file_ref idref="fl-c3"/>
      </object_component>
      <object_component id="oc-21e">
         <name>.debug_info</name>
         <load_address>0x141c6</load_address>
         <run_address>0x141c6</run_address>
         <size>0x86</size>
         <input_file_ref idref="fl-c3"/>
      </object_component>
      <object_component id="oc-2ca">
         <name>.debug_info</name>
         <load_address>0x1424c</load_address>
         <run_address>0x1424c</run_address>
         <size>0x39</size>
         <input_file_ref idref="fl-c3"/>
      </object_component>
      <object_component id="oc-329">
         <name>.debug_info</name>
         <load_address>0x14285</load_address>
         <run_address>0x14285</run_address>
         <size>0xb6</size>
         <input_file_ref idref="fl-c3"/>
      </object_component>
      <object_component id="oc-2cf">
         <name>.debug_info</name>
         <load_address>0x1433b</load_address>
         <run_address>0x1433b</run_address>
         <size>0x46</size>
         <input_file_ref idref="fl-c3"/>
      </object_component>
      <object_component id="oc-223">
         <name>.debug_info</name>
         <load_address>0x14381</load_address>
         <run_address>0x14381</run_address>
         <size>0x46</size>
         <input_file_ref idref="fl-c3"/>
      </object_component>
      <object_component id="oc-2c5">
         <name>.debug_info</name>
         <load_address>0x143c7</load_address>
         <run_address>0x143c7</run_address>
         <size>0x2c</size>
         <input_file_ref idref="fl-c3"/>
      </object_component>
      <object_component id="oc-2f1">
         <name>.debug_info</name>
         <load_address>0x143f3</load_address>
         <run_address>0x143f3</run_address>
         <size>0x382</size>
         <input_file_ref idref="fl-c4"/>
      </object_component>
      <object_component id="oc-236">
         <name>.debug_info</name>
         <load_address>0x14775</load_address>
         <run_address>0x14775</run_address>
         <size>0x1e9</size>
         <input_file_ref idref="fl-c4"/>
      </object_component>
      <object_component id="oc-2ef">
         <name>.debug_info</name>
         <load_address>0x1495e</load_address>
         <run_address>0x1495e</run_address>
         <size>0x3fb</size>
         <input_file_ref idref="fl-c5"/>
      </object_component>
      <object_component id="oc-22d">
         <name>.debug_info</name>
         <load_address>0x14d59</load_address>
         <run_address>0x14d59</run_address>
         <size>0x2e1</size>
         <input_file_ref idref="fl-c5"/>
      </object_component>
      <object_component id="oc-e2">
         <name>.debug_info</name>
         <load_address>0x1503a</load_address>
         <run_address>0x1503a</run_address>
         <size>0x2c</size>
         <input_file_ref idref="fl-c5"/>
      </object_component>
      <object_component id="oc-33b">
         <name>.debug_info</name>
         <load_address>0x15066</load_address>
         <run_address>0x15066</run_address>
         <size>0x2ff</size>
         <input_file_ref idref="fl-c6"/>
      </object_component>
      <object_component id="oc-2da">
         <name>.debug_info</name>
         <load_address>0x15365</load_address>
         <run_address>0x15365</run_address>
         <size>0x19b</size>
         <input_file_ref idref="fl-c6"/>
      </object_component>
      <object_component id="oc-376">
         <name>.debug_info</name>
         <load_address>0x15500</load_address>
         <run_address>0x15500</run_address>
         <size>0xbf</size>
         <input_file_ref idref="fl-c6"/>
      </object_component>
      <object_component id="oc-375">
         <name>.debug_info</name>
         <load_address>0x155bf</load_address>
         <run_address>0x155bf</run_address>
         <size>0x373</size>
         <input_file_ref idref="fl-c7"/>
      </object_component>
      <object_component id="oc-337">
         <name>.debug_info</name>
         <load_address>0x15932</load_address>
         <run_address>0x15932</run_address>
         <size>0x20a</size>
         <input_file_ref idref="fl-c7"/>
      </object_component>
      <object_component id="oc-285">
         <name>.debug_info</name>
         <load_address>0x15b3c</load_address>
         <run_address>0x15b3c</run_address>
         <size>0x14b</size>
         <input_file_ref idref="fl-c8"/>
      </object_component>
      <object_component id="oc-1f0">
         <name>.debug_info</name>
         <load_address>0x15c87</load_address>
         <run_address>0x15c87</run_address>
         <size>0x127</size>
         <input_file_ref idref="fl-c9"/>
      </object_component>
      <object_component id="oc-270">
         <name>.debug_info</name>
         <load_address>0x15dae</load_address>
         <run_address>0x15dae</run_address>
         <size>0x129</size>
         <input_file_ref idref="fl-c9"/>
      </object_component>
      <object_component id="oc-269">
         <name>.debug_info</name>
         <load_address>0x15ed7</load_address>
         <run_address>0x15ed7</run_address>
         <size>0x139</size>
         <input_file_ref idref="fl-ca"/>
      </object_component>
      <object_component id="oc-265">
         <name>.debug_info</name>
         <load_address>0x16010</load_address>
         <run_address>0x16010</run_address>
         <size>0x139</size>
         <input_file_ref idref="fl-cb"/>
      </object_component>
      <object_component id="oc-274">
         <name>.debug_info</name>
         <load_address>0x16149</load_address>
         <run_address>0x16149</run_address>
         <size>0x12d</size>
         <input_file_ref idref="fl-cc"/>
      </object_component>
      <object_component id="oc-27e">
         <name>.debug_info</name>
         <load_address>0x16276</load_address>
         <run_address>0x16276</run_address>
         <size>0x12b</size>
         <input_file_ref idref="fl-cd"/>
      </object_component>
      <object_component id="oc-38">
         <name>.debug_info</name>
         <load_address>0x163a1</load_address>
         <run_address>0x163a1</run_address>
         <size>0x118</size>
         <input_file_ref idref="fl-ce"/>
      </object_component>
      <object_component id="oc-25f">
         <name>.debug_info</name>
         <load_address>0x164b9</load_address>
         <run_address>0x164b9</run_address>
         <size>0x133</size>
         <input_file_ref idref="fl-cf"/>
      </object_component>
      <object_component id="oc-92">
         <name>.debug_info</name>
         <load_address>0x165ec</load_address>
         <run_address>0x165ec</run_address>
         <size>0x146</size>
         <input_file_ref idref="fl-d0"/>
      </object_component>
      <object_component id="oc-90">
         <name>.debug_info</name>
         <load_address>0x16732</load_address>
         <run_address>0x16732</run_address>
         <size>0x2d3</size>
         <input_file_ref idref="fl-d1"/>
      </object_component>
      <object_component id="oc-46">
         <name>.debug_info</name>
         <load_address>0x16a05</load_address>
         <run_address>0x16a05</run_address>
         <size>0x1d1</size>
         <input_file_ref idref="fl-d1"/>
      </object_component>
      <object_component id="oc-8b">
         <name>.debug_info</name>
         <load_address>0x16bd6</load_address>
         <run_address>0x16bd6</run_address>
         <size>0x46</size>
         <input_file_ref idref="fl-d1"/>
      </object_component>
      <object_component id="oc-42">
         <name>.debug_info</name>
         <load_address>0x16c1c</load_address>
         <run_address>0x16c1c</run_address>
         <size>0x2a7</size>
         <input_file_ref idref="fl-d2"/>
      </object_component>
      <object_component id="oc-1b">
         <name>.debug_info</name>
         <load_address>0x16ec3</load_address>
         <run_address>0x16ec3</run_address>
         <size>0x1e9</size>
         <input_file_ref idref="fl-d2"/>
      </object_component>
      <object_component id="oc-3d">
         <name>.debug_info</name>
         <load_address>0x170ac</load_address>
         <run_address>0x170ac</run_address>
         <size>0x46</size>
         <input_file_ref idref="fl-d2"/>
      </object_component>
      <object_component id="oc-83">
         <name>.debug_info</name>
         <load_address>0x170f2</load_address>
         <run_address>0x170f2</run_address>
         <size>0x2c</size>
         <input_file_ref idref="fl-d2"/>
      </object_component>
      <object_component id="oc-81">
         <name>.debug_info</name>
         <load_address>0x1711e</load_address>
         <run_address>0x1711e</run_address>
         <size>0x29d</size>
         <input_file_ref idref="fl-d3"/>
      </object_component>
      <object_component id="oc-15">
         <name>.debug_info</name>
         <load_address>0x173bb</load_address>
         <run_address>0x173bb</run_address>
         <size>0x24f</size>
         <input_file_ref idref="fl-d3"/>
      </object_component>
      <object_component id="oc-2d">
         <name>.debug_info</name>
         <load_address>0x1760a</load_address>
         <run_address>0x1760a</run_address>
         <size>0x60</size>
         <input_file_ref idref="fl-d3"/>
      </object_component>
      <object_component id="oc-db">
         <name>.debug_info</name>
         <load_address>0x1766a</load_address>
         <run_address>0x1766a</run_address>
         <size>0x46</size>
         <input_file_ref idref="fl-d3"/>
      </object_component>
      <object_component id="oc-7c">
         <name>.debug_info</name>
         <load_address>0x176b0</load_address>
         <run_address>0x176b0</run_address>
         <size>0x39</size>
         <input_file_ref idref="fl-d3"/>
      </object_component>
      <object_component id="oc-174">
         <name>.debug_info</name>
         <load_address>0x176e9</load_address>
         <run_address>0x176e9</run_address>
         <size>0x3ac</size>
         <input_file_ref idref="fl-d4"/>
      </object_component>
      <object_component id="oc-16e">
         <name>.debug_info</name>
         <load_address>0x17a95</load_address>
         <run_address>0x17a95</run_address>
         <size>0x18f</size>
         <input_file_ref idref="fl-d4"/>
      </object_component>
      <object_component id="oc-104">
         <name>.debug_info</name>
         <load_address>0x17c24</load_address>
         <run_address>0x17c24</run_address>
         <size>0x121</size>
         <input_file_ref idref="fl-d4"/>
      </object_component>
      <object_component id="oc-10a">
         <name>.debug_info</name>
         <load_address>0x17d45</load_address>
         <run_address>0x17d45</run_address>
         <size>0x183</size>
         <input_file_ref idref="fl-d4"/>
      </object_component>
      <object_component id="oc-1c2">
         <name>.debug_info</name>
         <load_address>0x17ec8</load_address>
         <run_address>0x17ec8</run_address>
         <size>0x2c8</size>
         <input_file_ref idref="fl-d5"/>
      </object_component>
      <object_component id="oc-171">
         <name>.debug_info</name>
         <load_address>0x18190</load_address>
         <run_address>0x18190</run_address>
         <size>0x11d</size>
         <input_file_ref idref="fl-d5"/>
      </object_component>
      <object_component id="oc-1bc">
         <name>.debug_info</name>
         <load_address>0x182ad</load_address>
         <run_address>0x182ad</run_address>
         <size>0x12d</size>
         <input_file_ref idref="fl-d5"/>
      </object_component>
      <object_component id="oc-25b">
         <name>.debug_info</name>
         <load_address>0x183da</load_address>
         <run_address>0x183da</run_address>
         <size>0x2b8</size>
         <input_file_ref idref="fl-d6"/>
      </object_component>
      <object_component id="oc-1e3">
         <name>.debug_info</name>
         <load_address>0x18692</load_address>
         <run_address>0x18692</run_address>
         <size>0x17b</size>
         <input_file_ref idref="fl-d6"/>
      </object_component>
      <object_component id="oc-2f6">
         <name>.debug_info</name>
         <load_address>0x1880d</load_address>
         <run_address>0x1880d</run_address>
         <size>0xf8</size>
         <input_file_ref idref="fl-d7"/>
      </object_component>
      <object_component id="oc-258">
         <name>.debug_info</name>
         <load_address>0x18905</load_address>
         <run_address>0x18905</run_address>
         <size>0x104</size>
         <input_file_ref idref="fl-d7"/>
      </object_component>
      <object_component id="oc-22a">
         <name>.debug_info</name>
         <load_address>0x18a09</load_address>
         <run_address>0x18a09</run_address>
         <size>0x143</size>
         <input_file_ref idref="fl-d8"/>
      </object_component>
      <object_component id="oc-1a3">
         <name>.debug_info</name>
         <load_address>0x18b4c</load_address>
         <run_address>0x18b4c</run_address>
         <size>0x101</size>
         <input_file_ref idref="fl-d8"/>
      </object_component>
      <object_component id="oc-3b2">
         <name>.debug_info</name>
         <load_address>0x18c4d</load_address>
         <run_address>0x18c4d</run_address>
         <size>0x18e</size>
         <input_file_ref idref="fl-d8"/>
      </object_component>
      <object_component id="oc-304">
         <name>.debug_info</name>
         <load_address>0x18ddb</load_address>
         <run_address>0x18ddb</run_address>
         <size>0x29a</size>
         <input_file_ref idref="fl-d9"/>
      </object_component>
      <object_component id="oc-27a">
         <name>.debug_info</name>
         <load_address>0x19075</load_address>
         <run_address>0x19075</run_address>
         <size>0x1cc</size>
         <input_file_ref idref="fl-d9"/>
      </object_component>
      <object_component id="oc-2b6">
         <name>.debug_info</name>
         <load_address>0x19241</load_address>
         <run_address>0x19241</run_address>
         <size>0x295</size>
         <input_file_ref idref="fl-da"/>
      </object_component>
      <object_component id="oc-20c">
         <name>.debug_info</name>
         <load_address>0x194d6</load_address>
         <run_address>0x194d6</run_address>
         <size>0x1b5</size>
         <input_file_ref idref="fl-da"/>
      </object_component>
      <object_component id="oc-33d">
         <name>.debug_info</name>
         <load_address>0x1968b</load_address>
         <run_address>0x1968b</run_address>
         <size>0x2a4</size>
         <input_file_ref idref="fl-db"/>
      </object_component>
      <object_component id="oc-2de">
         <name>.debug_info</name>
         <load_address>0x1992f</load_address>
         <run_address>0x1992f</run_address>
         <size>0x258</size>
         <input_file_ref idref="fl-db"/>
      </object_component>
      <object_component id="oc-78">
         <name>.debug_info</name>
         <load_address>0x19b87</load_address>
         <run_address>0x19b87</run_address>
         <size>0x3b1</size>
         <input_file_ref idref="fl-dc"/>
      </object_component>
      <object_component id="oc-27">
         <name>.debug_info</name>
         <load_address>0x19f38</load_address>
         <run_address>0x19f38</run_address>
         <size>0x10b</size>
         <input_file_ref idref="fl-dc"/>
      </object_component>
      <object_component id="oc-3e8">
         <name>.debug_info</name>
         <load_address>0x1a043</load_address>
         <run_address>0x1a043</run_address>
         <size>0x13e</size>
         <input_file_ref idref="fl-dc"/>
      </object_component>
      <object_component id="oc-36a">
         <name>.debug_info</name>
         <load_address>0x1a181</load_address>
         <run_address>0x1a181</run_address>
         <size>0x167</size>
         <input_file_ref idref="fl-dc"/>
      </object_component>
      <object_component id="oc-399">
         <name>.debug_info</name>
         <load_address>0x1a2e8</load_address>
         <run_address>0x1a2e8</run_address>
         <size>0x18d</size>
         <input_file_ref idref="fl-dc"/>
      </object_component>
      <object_component id="oc-39e">
         <name>.debug_info</name>
         <load_address>0x1a475</load_address>
         <run_address>0x1a475</run_address>
         <size>0x19e</size>
         <input_file_ref idref="fl-dc"/>
      </object_component>
      <object_component id="oc-364">
         <name>.debug_info</name>
         <load_address>0x1a613</load_address>
         <run_address>0x1a613</run_address>
         <size>0x202</size>
         <input_file_ref idref="fl-dc"/>
      </object_component>
      <object_component id="oc-3ee">
         <name>.debug_info</name>
         <load_address>0x1a815</load_address>
         <run_address>0x1a815</run_address>
         <size>0x1da</size>
         <input_file_ref idref="fl-dc"/>
      </object_component>
      <object_component id="oc-3a5">
         <name>.debug_info</name>
         <load_address>0x1a9ef</load_address>
         <run_address>0x1a9ef</run_address>
         <size>0x298</size>
         <input_file_ref idref="fl-dc"/>
      </object_component>
      <object_component id="oc-d6">
         <name>.debug_info</name>
         <load_address>0x1ac87</load_address>
         <run_address>0x1ac87</run_address>
         <size>0xb2</size>
         <input_file_ref idref="fl-dc"/>
      </object_component>
      <object_component id="oc-d1">
         <name>.debug_info</name>
         <load_address>0x1ad39</load_address>
         <run_address>0x1ad39</run_address>
         <size>0x2c</size>
         <input_file_ref idref="fl-dc"/>
      </object_component>
      <object_component id="oc-31b">
         <name>.debug_info</name>
         <load_address>0x1ad65</load_address>
         <run_address>0x1ad65</run_address>
         <size>0x299</size>
         <input_file_ref idref="fl-dd"/>
      </object_component>
      <object_component id="oc-2b2">
         <name>.debug_info</name>
         <load_address>0x1affe</load_address>
         <run_address>0x1affe</run_address>
         <size>0x25d</size>
         <input_file_ref idref="fl-dd"/>
      </object_component>
      <object_component id="oc-256">
         <name>.debug_info</name>
         <load_address>0x1b25b</load_address>
         <run_address>0x1b25b</run_address>
         <size>0x28e</size>
         <input_file_ref idref="fl-de"/>
      </object_component>
      <object_component id="oc-1dc">
         <name>.debug_info</name>
         <load_address>0x1b4e9</load_address>
         <run_address>0x1b4e9</run_address>
         <size>0x240</size>
         <input_file_ref idref="fl-de"/>
      </object_component>
      <object_component id="oc-344">
         <name>.debug_info</name>
         <load_address>0x1b729</load_address>
         <run_address>0x1b729</run_address>
         <size>0x396</size>
         <input_file_ref idref="fl-df"/>
      </object_component>
      <object_component id="oc-2ec">
         <name>.debug_info</name>
         <load_address>0x1babf</load_address>
         <run_address>0x1babf</run_address>
         <size>0x18e</size>
         <input_file_ref idref="fl-df"/>
      </object_component>
      <object_component id="oc-389">
         <name>.debug_info</name>
         <load_address>0x1bc4d</load_address>
         <run_address>0x1bc4d</run_address>
         <size>0x120</size>
         <input_file_ref idref="fl-df"/>
      </object_component>
      <object_component id="oc-38e">
         <name>.debug_info</name>
         <load_address>0x1bd6d</load_address>
         <run_address>0x1bd6d</run_address>
         <size>0x2c</size>
         <input_file_ref idref="fl-df"/>
      </object_component>
      <object_component id="oc-386">
         <name>.debug_info</name>
         <load_address>0x1bd99</load_address>
         <run_address>0x1bd99</run_address>
         <size>0x336</size>
         <input_file_ref idref="fl-e0"/>
      </object_component>
      <object_component id="oc-382">
         <name>.debug_info</name>
         <load_address>0x1c0cf</load_address>
         <run_address>0x1c0cf</run_address>
         <size>0x108</size>
         <input_file_ref idref="fl-e0"/>
      </object_component>
      <object_component id="oc-341">
         <name>.debug_info</name>
         <load_address>0x1c1d7</load_address>
[...]
      </symbol>
      <symbol id="sm-540">
         <name>__aeabi_memcpy</name>
         <value>0x301b</value>
         <object_component_ref idref="oc-37"/>
      </symbol>
      <symbol id="sm-541">
         <name>__aeabi_memcpy8</name>
         <value>0x301b</value>
         <object_component_ref idref="oc-37"/>
      </symbol>
      <symbol id="sm-542">
         <name>__aeabi_memcpy4</name>
         <value>0x301b</value>
         <object_component_ref idref="oc-37"/>
      </symbol>
      <symbol id="sm-54f">
         <name>__aeabi_uldivmod</name>
         <value>0x30b7</value>
         <object_component_ref idref="oc-25c"/>
      </symbol>
      <symbol id="sm-55e">
         <name>__aeabi_memset</name>
         <value>0x32e7</value>
         <object_component_ref idref="oc-91"/>
      </symbol>
      <symbol id="sm-55f">
         <name>memset</name>
         <value>0x32ed</value>
         <object_component_ref idref="oc-91"/>
      </symbol>
      <symbol id="sm-560">
         <name>__aeabi_memset8</name>
         <value>0x32e7</value>
         <object_component_ref idref="oc-91"/>
      </symbol>
      <symbol id="sm-561">
         <name>__aeabi_memset4</name>
         <value>0x32e7</value>
         <object_component_ref idref="oc-91"/>
      </symbol>
      <symbol id="sm-562">
         <name>__aeabi_memclr8</name>
         <value>0x32e5</value>
         <object_component_ref idref="oc-91"/>
      </symbol>
      <symbol id="sm-563">
         <name>__aeabi_memclr4</name>
         <value>0x32e5</value>
         <object_component_ref idref="oc-91"/>
      </symbol>
      <symbol id="sm-564">
         <name>__aeabi_memclr</name>
         <value>0x32e5</value>
         <object_component_ref idref="oc-91"/>
      </symbol>
      <symbol id="sm-578">
         <name>__TI_zero_init_nomemset</name>
         <value>0x3e95</value>
         <object_component_ref idref="oc-43"/>
      </symbol>
      <symbol id="sm-58f">
         <name>__TI_decompress_none</name>
         <value>0x3f6b</value>
         <object_component_ref idref="oc-1a"/>
      </symbol>
      <symbol id="sm-5b2">
         <name>__TI_decompress_lzss</name>
         <value>0x3589</value>
         <object_component_ref idref="oc-14"/>
      </symbol>
      <symbol id="sm-5d8">
         <name>C$$EXIT</name>
         <value>0x3fa5</value>
         <object_component_ref idref="oc-102"/>
      </symbol>
      <symbol id="sm-5d9">
         <name>abort</name>
         <value>0x3fa5</value>
         <object_component_ref idref="oc-102"/>
      </symbol>
      <symbol id="sm-5da">
         <name>__TI_dtors_ptr</name>
         <value>0x200005e4</value>
         <object_component_ref idref="oc-16d"/>
      </symbol>
      <symbol id="sm-5db">
         <name>__TI_cleanup_ptr</name>
         <value>0x200005e0</value>
         <object_component_ref idref="oc-16d"/>
      </symbol>
      <symbol id="sm-5dc">
         <name>__TI_enable_exit_profile_output</name>
         <value>0x200005e8</value>
         <object_component_ref idref="oc-16d"/>
      </symbol>
      <symbol id="sm-5dd">
         <name>exit</name>
         <value>0x3a85</value>
         <object_component_ref idref="oc-108"/>
      </symbol>
      <symbol id="sm-5f2">
         <name>_nop</name>
         <value>0xb33</value>
         <object_component_ref idref="oc-1ba"/>
      </symbol>
      <symbol id="sm-5f3">
         <name>_lock</name>
         <value>0x200005f8</value>
         <object_component_ref idref="oc-170"/>
      </symbol>
      <symbol id="sm-5f4">
         <name>_unlock</name>
         <value>0x200005fc</value>
         <object_component_ref idref="oc-170"/>
      </symbol>
      <symbol id="sm-60a">
         <name>atoi</name>
         <value>0x3a39</value>
         <object_component_ref idref="oc-1e1"/>
      </symbol>
      <symbol id="sm-615">
         <name>_ctypes_</name>
         <value>0x3fa8</value>
         <object_component_ref idref="oc-257"/>
      </symbol>
      <symbol id="sm-62a">
         <name>__TI_tmpnams</name>
         <value>0x20000730</value>
      </symbol>
      <symbol id="sm-62b">
         <name>__aeabi_stdout</name>
         <value>0x200005d8</value>
         <object_component_ref idref="oc-3b1"/>
      </symbol>
      <symbol id="sm-62c">
         <name>__aeabi_stderr</name>
         <value>0x200005dc</value>
         <object_component_ref idref="oc-3b1"/>
      </symbol>
      <symbol id="sm-62d">
         <name>__aeabi_stdin</name>
         <value>0x200005d4</value>
         <object_component_ref idref="oc-3b1"/>
      </symbol>
      <symbol id="sm-62e">
         <name>_ftable</name>
         <value>0x20000400</value>
         <object_component_ref idref="oc-1a2"/>
      </symbol>
      <symbol id="sm-62f">
         <name>__TI_ft_end</name>
         <value>0x200005d0</value>
         <object_component_ref idref="oc-3b1"/>
      </symbol>
      <symbol id="sm-63e">
         <name>ltoa</name>
         <value>0x3947</value>
         <object_component_ref idref="oc-277"/>
      </symbol>
      <symbol id="sm-64e">
         <name>memccpy</name>
         <value>0x3ecd</value>
         <object_component_ref idref="oc-20a"/>
      </symbol>
      <symbol id="sm-65e">
         <name>memchr</name>
         <value>0x3e75</value>
         <object_component_ref idref="oc-2dc"/>
      </symbol>
      <symbol id="sm-6e7">
         <name>_sys_memory</name>
         <value>0x20000000</value>
         <object_component_ref idref="oc-26"/>
      </symbol>
      <symbol id="sm-6e8">
         <name>free</name>
         <value>0x2da9</value>
         <object_component_ref idref="oc-362"/>
      </symbol>
      <symbol id="sm-6e9">
         <name>memalign</name>
         <value>0x2971</value>
         <object_component_ref idref="oc-3a4"/>
      </symbol>
      <symbol id="sm-6ea">
         <name>malloc</name>
         <value>0x3f91</value>
         <object_component_ref idref="oc-368"/>
      </symbol>
      <symbol id="sm-6eb">
         <name>aligned_alloc</name>
         <value>0x2971</value>
         <object_component_ref idref="oc-3a4"/>
      </symbol>
      <symbol id="sm-6fb">
         <name>strchr</name>
         <value>0x3f1b</value>
         <object_component_ref idref="oc-2ae"/>
      </symbol>
      <symbol id="sm-709">
         <name>strlen</name>
         <value>0x3f45</value>
         <object_component_ref idref="oc-1db"/>
      </symbol>
      <symbol id="sm-723">
         <name>write</name>
         <value>0x3e4d</value>
         <object_component_ref idref="oc-2e8"/>
      </symbol>
      <symbol id="sm-734">
         <name>_stream</name>
         <value>0x20000568</value>
         <object_component_ref idref="oc-340"/>
      </symbol>
      <symbol id="sm-735">
         <name>_device</name>
         <value>0x200004f0</value>
         <object_component_ref idref="oc-381"/>
      </symbol>
      <symbol id="sm-748">
         <name>__stack</name>
         <value>0x2000fe00</value>
         <object_component_ref idref="oc-29"/>
      </symbol>
      <symbol id="sm-749">
         <name>_c_int00_noargs</name>
         <value>0x3d3d</value>
         <object_component_ref idref="oc-55"/>
      </symbol>
      <symbol id="sm-75f">
         <name>__aeabi_errno_addr</name>
         <value>0x3f89</value>
         <object_component_ref idref="oc-216"/>
      </symbol>
      <symbol id="sm-760">
         <name>errno</name>
         <value>0x20000608</value>
         <object_component_ref idref="oc-2be"/>
      </symbol>
      <symbol id="sm-779">
         <name>wcslen</name>
         <value>0x3f59</value>
         <object_component_ref idref="oc-210"/>
      </symbol>
      <symbol id="sm-799">
         <name>frexpl</name>
         <value>0x3659</value>
         <object_component_ref idref="oc-2a2"/>
      </symbol>
      <symbol id="sm-79a">
         <name>frexp</name>
         <value>0x3659</value>
         <object_component_ref idref="oc-2a2"/>
      </symbol>
      <symbol id="sm-7b7">
         <name>scalbn</name>
         <value>0x2b9d</value>
         <object_component_ref idref="oc-2a8"/>
      </symbol>
      <symbol id="sm-7b8">
         <name>scalbnl</name>
         <value>0x2b9d</value>
         <object_component_ref idref="oc-2a8"/>
      </symbol>
      <symbol id="sm-7b9">
         <name>ldexpl</name>
         <value>0x2b9d</value>
         <object_component_ref idref="oc-2a8"/>
      </symbol>
      <symbol id="sm-7ba">
         <name>ldexp</name>
         <value>0x2b9d</value>
         <object_component_ref idref="oc-2a8"/>
      </symbol>
      <symbol id="sm-7ca">
         <name>__TI_doflush</name>
         <value>0x39ed</value>
         <object_component_ref idref="oc-2e2"/>
      </symbol>
      <symbol id="sm-7da">
         <name>__TI_cleanup</name>
         <value>0x3cd5</value>
         <object_component_ref idref="oc-36e"/>
      </symbol>
      <symbol id="sm-7ec">
         <name>fseek</name>
         <value>0x36bd</value>
         <object_component_ref idref="oc-32e"/>
      </symbol>
      <symbol id="sm-7f6">
         <name>__aeabi_idiv0</name>
         <value>0x249b</value>
         <object_component_ref idref="oc-2f9"/>
      </symbol>
      <symbol id="sm-7f7">
         <name>__aeabi_ldiv0</name>
         <value>0x249b</value>
         <object_component_ref idref="oc-2f9"/>
      </symbol>
      <symbol id="sm-81f">
         <name>__TI_auto_init_nobinit_nopinit</name>
         <value>0x3b9d</value>
         <object_component_ref idref="oc-10e"/>
      </symbol>
      <symbol id="sm-829">
         <name>_system_pre_init</name>
         <value>0x3fa1</value>
         <object_component_ref idref="oc-97"/>
      </symbol>
      <symbol id="sm-83c">
         <name>HOSTclose</name>
         <value>0x3b15</value>
         <object_component_ref idref="oc-3bd"/>
      </symbol>
      <symbol id="sm-84d">
         <name>HOSTlseek</name>
         <value>0x3521</value>
         <object_component_ref idref="oc-3cf"/>
      </symbol>
      <symbol id="sm-85f">
         <name>parmbuf</name>
         <value>0x200007d0</value>
      </symbol>
      <symbol id="sm-860">
         <name>HOSTopen</name>
         <value>0x3785</value>
         <object_component_ref idref="oc-3b7"/>
      </symbol>
      <symbol id="sm-871">
         <name>HOSTread</name>
         <value>0x3841</value>
         <object_component_ref idref="oc-3c3"/>
      </symbol>
      <symbol id="sm-882">
         <name>HOSTrename</name>
         <value>0x34b5</value>
         <object_component_ref idref="oc-3db"/>
      </symbol>
      <symbol id="sm-893">
         <name>HOSTunlink</name>
         <value>0x3b59</value>
         <object_component_ref idref="oc-3d5"/>
      </symbol>
      <symbol id="sm-8a4">
         <name>HOSTwrite</name>
         <value>0x3899</value>
         <object_component_ref idref="oc-3c9"/>
      </symbol>
      <symbol id="sm-8c8">
         <name>__TI_readmsg</name>
         <value>0x3d09</value>
         <object_component_ref idref="oc-40a"/>
      </symbol>
      <symbol id="sm-8c9">
         <name>C$$IO$$</name>
         <value>0x3c93</value>
         <object_component_ref idref="oc-404"/>
      </symbol>
      <symbol id="sm-8ca">
         <name>__CIOBUF_</name>
         <value>0x20000610</value>
         <object_component_ref idref="oc-435"/>
      </symbol>
      <symbol id="sm-8cb">
         <name>__TI_writemsg</name>
         <value>0x3c65</value>
         <object_component_ref idref="oc-404"/>
      </symbol>
      <symbol id="sm-8dc">
         <name>lseek</name>
         <value>0x3e25</value>
         <object_component_ref idref="oc-35a"/>
      </symbol>
      <symbol id="sm-8e6">
         <name>copysign</name>
         <value>0x3ee9</value>
         <object_component_ref idref="oc-312"/>
      </symbol>
      <symbol id="sm-8e7">
         <name>copysignl</name>
         <value>0x3ee9</value>
         <object_component_ref idref="oc-312"/>
      </symbol>
      <symbol id="sm-8fc">
         <name>__TI_closefile</name>
         <value>0x3361</value>
         <object_component_ref idref="oc-3ab"/>
      </symbol>
      <symbol id="sm-91f">
         <name>finddevice</name>
         <value>0x3d71</value>
         <object_component_ref idref="oc-453"/>
      </symbol>
      <symbol id="sm-920">
         <name>getdevice</name>
         <value>0x3be1</value>
         <object_component_ref idref="oc-42b"/>
      </symbol>
      <symbol id="sm-92f">
         <name>strcmp</name>
         <value>0x3f03</value>
         <object_component_ref idref="oc-46a"/>
      </symbol>
      <symbol id="sm-93d">
         <name>strcpy</name>
         <value>0x3f31</value>
         <object_component_ref idref="oc-41e"/>
      </symbol>
      <symbol id="sm-94d">
         <name>strncpy</name>
         <value>0x3c9d</value>
         <object_component_ref idref="oc-44d"/>
      </symbol>
      <symbol id="sm-962">
         <name>close</name>
         <value>0x37e5</value>
         <object_component_ref idref="oc-3f3"/>
      </symbol>
      <symbol id="sm-972">
         <name>unlink</name>
         <value>0x3dd1</value>
         <object_component_ref idref="oc-3f9"/>
      </symbol>
      <symbol id="sm-973">
         <name>__TI_static_base__</name>
         <value>0x0</value>
      </symbol>
      <symbol id="sm-976">
         <name>__mpu_init</name>
         <value>0x0</value>
      </symbol>
      <symbol id="sm-977">
         <name>_system_post_cinit</name>
         <value>0x0</value>
      </symbol>
      <symbol id="sm-978">
         <name>NMI_Handler</name>
         <value>0x3f85</value>
      </symbol>
      <symbol id="sm-979">
         <name>HardFault_Handler</name>
         <value>0x3f85</value>
      </symbol>
      <symbol id="sm-97a">
         <name>MemManage_Handler</name>
         <value>0x3f85</value>
      </symbol>
      <symbol id="sm-97b">
         <name>BusFault_Handler</name>
         <value>0x3f85</value>
      </symbol>
      <symbol id="sm-97c">
         <name>UsageFault_Handler</name>
         <value>0x3f85</value>
      </symbol>
      <symbol id="sm-97d">
         <name>SVC_Handler</name>
         <value>0x3f85</value>
      </symbol>
      <symbol id="sm-97e">
         <name>DebugMon_Handler</name>
         <value>0x3f85</value>
      </symbol>
      <symbol id="sm-97f">
         <name>PendSV_Handler</name>
         <value>0x3f85</value>
      </symbol>
      <symbol id="sm-980">
         <name>SysTick_Handler</name>
         <value>0x3f85</value>
      </symbol>
      <symbol id="sm-981">
         <name>PSS_IRQHandler</name>
         <value>0x3f85</value>
      </symbol>
      <symbol id="sm-982">
         <name>CS_IRQHandler</name>
         <value>0x3f85</value>
      </symbol>
      <symbol id="sm-983">
         <name>PCM_IRQHandler</name>
         <value>0x3f85</value>
      </symbol>
      <symbol id="sm-984">
         <name>WDT_A_IRQHandler</name>
         <value>0x3f85</value>
      </symbol>
      <symbol id="sm-985">
         <name>FPU_IRQHandler</name>
         <value>0x3f85</value>
      </symbol>
      <symbol id="sm-986">
         <name>FLCTL_IRQHandler</name>
         <value>0x3f85</value>
      </symbol>
      <symbol id="sm-987">
         <name>COMP_E0_IRQHandler</name>
         <value>0x3f85</value>
      </symbol>
      <symbol id="sm-988">
         <name>COMP_E1_IRQHandler</name>
         <value>0x3f85</value>
      </symbol>
      <symbol id="sm-989">
         <name>TA0_0_IRQHandler</name>
         <value>0x3f85</value>
      </symbol>
      <symbol id="sm-98a">
         <name>TA0_N_IRQHandler</name>
         <value>0x3f85</value>
      </symbol>
      <symbol id="sm-98b">
         <name>TA1_0_IRQHandler</name>
         <value>0x3f85</value>
      </symbol>
      <symbol id="sm-98c">
         <name>TA1_N_IRQHandler</name>
         <value>0x3f85</value>
      </symbol>
      <symbol id="sm-98d">
         <name>TA2_0_IRQHandler</name>
         <value>0x3f85</value>
      </symbol>
      <symbol id="sm-98e">
         <name>TA2_N_IRQHandler</name>
         <value>0x3f85</value>
      </symbol>
      <symbol id="sm-98f">
         <name>TA3_0_IRQHandler</name>
         <value>0x3f85</value>
      </symbol>
      <symbol id="sm-990">
         <name>TA3_N_IRQHandler</name>
         <value>0x3f85</value>
      </symbol>
      <symbol id="sm-991">
         <name>EUSCIA0_IRQHandler</name>
         <value>0x3f85</value>
      </symbol>
      <symbol id="sm-992">
         <name>EUSCIA1_IRQHandler</name>
         <value>0x3f85</value>
      </symbol>
      <symbol id="sm-993">
         <name>EUSCIA2_IRQHandler</name>
         <value>0x3f85</value>
      </symbol>
      <symbol id="sm-994">
         <name>EUSCIA3_IRQHandler</name>
         <value>0x3f85</value>
      </symbol>
      <symbol id="sm-995">
         <name>EUSCIB0_IRQHandler</name>
         <value>0x3f85</value>
      </symbol>
      <symbol id="sm-996">
         <name>EUSCIB1_IRQHandler</name>
         <value>0x3f85</value>
      </symbol>
      <symbol id="sm-997">
         <name>EUSCIB2_IRQHandler</name>
         <value>0x3f85</value>
      </symbol>
      <symbol id="sm-998">
         <name>EUSCIB3_IRQHandler</name>
         <value>0x3f85</value>
      </symbol>
      <symbol id="sm-999">
         <name>ADC14_IRQHandler</name>
         <value>0x3f85</value>
      </symbol>
      <symbol id="sm-99a">
         <name>T32_INT1_IRQHandler</name>
         <value>0xd73</value>
      </symbol>
      <symbol id="sm-99b">
         <name>T32_INT2_IRQHandler</name>
         <value>0x3f85</value>
      </symbol>
      <symbol id="sm-99c">
         <name>T32_INTC_IRQHandler</name>
         <value>0x3f85</value>
      </symbol>
      <symbol id="sm-99d">
         <name>AES256_IRQHandler</name>
         <value>0x3f85</value>
      </symbol>
      <symbol id="sm-99e">
         <name>RTC_C_IRQHandler</name>
         <value>0x3f85</value>
      </symbol>
      <symbol id="sm-99f">
         <name>DMA_ERR_IRQHandler</name>
         <value>0x3f85</value>
      </symbol>
      <symbol id="sm-9a0">
         <name>DMA_INT3_IRQHandler</name>
         <value>0x3f85</value>
      </symbol>
      <symbol id="sm-9a1">
         <name>DMA_INT2_IRQHandler</name>
         <value>0x3f85</value>
      </symbol>
      <symbol id="sm-9a2">
         <name>DMA_INT1_IRQHandler</name>
         <value>0x3f85</value>
      </symbol>
      <symbol id="sm-9a3">
         <name>DMA_INT0_IRQHandler</name>
         <value>0x3f85</value>
      </symbol>
      <symbol id="sm-9a4">
         <name>PORT1_IRQHandler</name>
         <value>0x3f85</value>
      </symbol>
      <symbol id="sm-9a5">
         <name>PORT2_IRQHandler</name>
         <value>0x3f85</value>
      </symbol>
      <symbol id="sm-9a6">
         <name>PORT3_IRQHandler</name>
         <value>0x3f85</value>
      </symbol>
      <symbol id="sm-9a7">
         <name>PORT4_IRQHandler</name>
         <value>0x3f85</value>
      </symbol>
      <symbol id="sm-9a8">
         <name>PORT5_IRQHandler</name>
         <value>0x3f85</value>
      </symbol>
      <symbol id="sm-9a9">
         <name>PORT6_IRQHandler</name>
         <value>0x3f85</value>
      </symbol>
      <symbol id="sm-9aa">
         <name>remove</name>
         <value>0x3dd1</value>
      </symbol>
   </symbol_table>
   <title>Link successful</title>
</link_info>
