******************************************************************************
                  TI ARM Linker PC v18.12.4                    
******************************************************************************
>> Linked Thu Apr 30 21:34:29 2020

OUTPUT FILE NAME:   <Lab06_GPIO.out>
ENTRY POINT SYMBOL: "_c_int00_noargs"  address: 000010e9


MEMORY CONFIGURATION

         name            origin    length      used     unused   attr    fill
----------------------  --------  ---------  --------  --------  ----  --------
  MAIN                  00000000   00040000  000011d4  0003ee2c  R  X
  INFO                  00200000   00004000  00000000  00004000  R  X
  SRAM_CODE             01000000   00010000  00000232  0000fdce  RW X
  SRAM_DATA             20000000   00010000  00000232  0000fdce  RW  


SEGMENT ALLOCATION MAP

run origin  load origin   length   init length attrs members
----------  ----------- ---------- ----------- ----- -------
00000000    00000000    000011d8   000011d8    r-x
  00000000    00000000    000000e4   000000e4    r-- .intvecs
  000000e4    000000e4    00001078   00001078    r-x .text
  0000115c    0000115c    00000040   00000040    r-- .const
  000011a0    000011a0    00000038   00000038    r-- .cinit
20000000    20000000    00000032   00000000    rw-
  20000000    20000000    00000028   00000000    rw- .data
  20000028    20000028    0000000a   00000000    rw- .bss
2000fe00    2000fe00    00000200   00000000    rw-
  2000fe00    2000fe00    00000200   00000000    rw- .stack


SECTION ALLOCATION MAP

 output                                  attributes/
section   page    origin      length       input sections
--------  ----  ----------  ----------   ----------------
.intvecs   0    00000000    000000e4     
                  00000000    000000e4     startup_msp432p401r_ccs.obj (.intvecs:retain)

.text      0    000000e4    00001078     
                  000000e4    000006c8     TExaS.obj (.text)
                  000007ac    0000032c     system_msp432p401r.obj (.text)
                  00000ad8    000001e0     Clock.obj (.text)
                  00000cb8    000001ac     Lab06_GPIOmain.obj (.text)
                  00000e64    0000013c     Reflectance.obj (.text)
                  00000fa0    0000009c     rtsv7M4_T_le_v4SPD16_eabi.lib : memcpy_t2.asm.obj (.text)
                  0000103c    00000068                                   : copy_decompress_lzss.c.obj (.text:decompress:lzss:__TI_decompress_lzss)
                  000010a4    00000044                                   : autoinit.c.obj (.text:__TI_auto_init_nobinit_nopinit:__TI_auto_init_nobinit_nopinit)
                  000010e8    00000034                                   : boot_cortex_m.c.obj (.text:_c_int00_noargs:_c_int00_noargs)
                  0000111c    0000001c                                   : copy_zero_init.c.obj (.text:decompress:ZI:__TI_zero_init_nomemset:__TI_zero_init_nomemset)
                  00001138    0000000e                                   : copy_decompress_none.c.obj (.text:decompress:none:__TI_decompress_none)
                  00001146    0000000e     startup_msp432p401r_ccs.obj (.text)
                  00001154    00000004     rtsv7M4_T_le_v4SPD16_eabi.lib : pre_init.c.obj (.text:_system_pre_init)
                  00001158    00000004                                   : exit.c.obj (.text:abort:abort)

.const     0    0000115c    00000040     
                  0000115c    00000020     Reflectance.obj (.const:Mask)
                  0000117c    00000020     Reflectance.obj (.const:Weight)

.cinit     0    000011a0    00000038     
                  000011a0    0000000d     (.cinit..data.load) [load image, compression = lzss]
                  000011ad    00000003     --HOLE-- [fill = 0]
                  000011b0    0000000c     (__TI_handler_table)
                  000011bc    00000004     --HOLE-- [fill = 0]
                  000011c0    00000008     (.cinit..bss.load) [load image, compression = zero_init]
                  000011c8    00000010     (__TI_cinit_table)

.init_array 
*          0    00000000    00000000     UNINITIALIZED

.binit     0    00000000    00000000     

.data      0    20000000    00000028     UNINITIALIZED
                  20000000    00000018     Clock.obj (.data)
                  20000018    0000000c     TExaS.obj (.data)
                  20000024    00000004     system_msp432p401r.obj (.data)

.bss       0    20000028    0000000a     UNINITIALIZED
                  20000028    00000004     (.common:PeriodicTask2)
                  2000002c    00000004     (.common:Position)
                  20000030    00000001     (.common:Data)
                  20000031    00000001     (.common:LogicData)

.stack     0    2000fe00    00000200     UNINITIALIZED
                  2000fe00    00000004     rtsv7M4_T_le_v4SPD16_eabi.lib : boot_cortex_m.c.obj (.stack)
                  2000fe04    000001fc     --HOLE--

MODULE SUMMARY

       Module                        code   ro data   rw data
       ------                        ----   -------   -------
    .\
       TExaS.obj                     1736   0         34     
       system_msp432p401r.obj        812    0         8      
       Clock.obj                     480    0         48     
       Lab06_GPIOmain.obj            428    0         10     
       Reflectance.obj               316    64        0      
       startup_msp432p401r_ccs.obj   14     228       0      
    +--+-----------------------------+------+---------+---------+
       Total:                        3786   292       100    
                                                             
    C:\ti\ccs930\ccs\tools\compiler\ti-cgt-arm_18.12.4.LTS\lib\rtsv7M4_T_le_v4SPD16_eabi.lib
       memcpy_t2.asm.obj             156    0         0      
       copy_decompress_lzss.c.obj    104    0         0      
       autoinit.c.obj                68     0         0      
       boot_cortex_m.c.obj           52     0         0      
       copy_zero_init.c.obj          28     0         0      
       copy_decompress_none.c.obj    14     0         0      
       exit.c.obj                    4      0         0      
       pre_init.c.obj                4      0         0      
    +--+-----------------------------+------+---------+---------+
       Total:                        430    0         0      
                                                             
       Stack:                        0      0         1024   
       Linker Generated:             0      49        0      
    +--+-----------------------------+------+---------+---------+
       Grand Total:                  4216   341       1124   


LINKER GENERATED COPY TABLES

__TI_cinit_table @ 000011c8 records: 2, size/record: 8, table size: 16
	.data: load addr=000011a0, load size=0000000d bytes, run addr=20000000, run size=00000028 bytes, compression=lzss
	.bss: load addr=000011c0, load size=00000008 bytes, run addr=20000028, run size=0000000a bytes, compression=zero_init


LINKER GENERATED HANDLER TABLE

__TI_handler_table @ 000011b0 records: 3, size/record: 4, table size: 12
	index: 0, handler: __TI_decompress_lzss
	index: 1, handler: __TI_decompress_none
	index: 2, handler: __TI_zero_init


GLOBAL SYMBOLS: SORTED ALPHABETICALLY BY Name 

address   name                                   
-------   ----                                   
00001153  ADC14_IRQHandler                       
000004f1  ADC_Init                               
00001153  AES256_IRQHandler                      
00001153  BusFault_Handler                       
00001159  C$$EXIT                                
00001153  COMP_E0_IRQHandler                     
00001153  COMP_E1_IRQHandler                     
20000008  CPMwait                                
00001153  CS_IRQHandler                          
20000000  ClockFrequency                         
00000c2d  Clock_Delay1ms                         
00000c03  Clock_Delay1us                         
00000bef  Clock_GetFreq                          
00000ad9  Clock_Init48MHz                        
20000014  Crystalstable                          
00001153  DMA_ERR_IRQHandler                     
00001153  DMA_INT0_IRQHandler                    
00001153  DMA_INT1_IRQHandler                    
00001153  DMA_INT2_IRQHandler                    
00001153  DMA_INT3_IRQHandler                    
20000030  Data                                   
00001153  DebugMon_Handler                       
00001153  Default_Handler                        
00001153  EUSCIA0_IRQHandler                     
00001153  EUSCIA1_IRQHandler                     
00001153  EUSCIA2_IRQHandler                     
00001153  EUSCIA3_IRQHandler                     
00001153  EUSCIB0_IRQHandler                     
00001153  EUSCIB1_IRQHandler                     
00001153  EUSCIB2_IRQHandler                     
00001153  EUSCIB3_IRQHandler                     
00001153  FLCTL_IRQHandler                       
00001153  FPU_IRQHandler                         
00001153  HardFault_Handler                      
20000010  IFlags                                 
000000e5  LogicAnalyzer                          
000000ef  LogicAnalyzer_P1                       
000001c5  LogicAnalyzer_P10                      
000000fd  LogicAnalyzer_P2                       
000001d3  LogicAnalyzer_P27_P26_P82_P92_P104_P105
0000010b  LogicAnalyzer_P2_7654                  
0000011b  LogicAnalyzer_P3                       
00000129  LogicAnalyzer_P4                       
00000147  LogicAnalyzer_P4_765320                
00000137  LogicAnalyzer_P4_765432                
0000017f  LogicAnalyzer_P5                       
0000020b  LogicAnalyzer_P55_P54_P27_P26_P37_P36  
0000018d  LogicAnalyzer_P6                       
0000019b  LogicAnalyzer_P7                       
000001a9  LogicAnalyzer_P8                       
000001b7  LogicAnalyzer_P9                       
20000031  LogicData                              
0000115c  Mask                                   
00001153  MemManage_Handler                      
00001153  NMI_Handler                            
00001153  PCM_IRQHandler                         
00001153  PORT1_IRQHandler                       
00001153  PORT2_IRQHandler                       
00001153  PORT3_IRQHandler                       
00001153  PORT4_IRQHandler                       
00001153  PORT5_IRQHandler                       
00001153  PORT6_IRQHandler                       
00001153  PSS_IRQHandler                         
00001153  PendSV_Handler                         
20000028  PeriodicTask2                          
000002b9  PeriodicTask2_Init                     
00000333  PeriodicTask2_Stop                     
2000002c  Position                               
2000000c  Postwait                               
20000004  Prewait                                
00000cb9  Program6_1                             
00001153  RTC_C_IRQHandler                       
00000ebd  Reflectance_Center                     
00000f55  Reflectance_End                        
00000e65  Reflectance_Init                       
00000ec9  Reflectance_Position                   
00000ea1  Reflectance_Read                       
00000f2f  Reflectance_Start                      
00001147  Reset_Handler                          
00001153  SVC_Handler                            
00000235  Scope                                  
00001153  SysTick_Handler                        
20000024  SystemCoreClock                        
000007ad  SystemCoreClockUpdate                  
00000a21  SystemInit                             
00000323  T32_INT1_IRQHandler                    
00000323  T32_INT1_IRQHandler                    
00001153  T32_INT2_IRQHandler                    
00001153  T32_INTC_IRQHandler                    
00001153  TA0_0_IRQHandler                       
00001153  TA0_N_IRQHandler                       
00001153  TA1_0_IRQHandler                       
00001153  TA1_N_IRQHandler                       
00001153  TA2_0_IRQHandler                       
00001153  TA2_N_IRQHandler                       
00001153  TA3_0_IRQHandler                       
00001153  TA3_N_IRQHandler                       
00000485  TExaS_Clear0                           
00000491  TExaS_Clear1                           
000004a5  TExaS_Clear2                           
000004b1  TExaS_Clear3                           
000004bd  TExaS_Clear4                           
000004bf  TExaS_Clear5                           
000004cb  TExaS_Clear6                           
000005b5  TExaS_Init                             
2000001c  TExaS_ScopeErrConflict                 
20000018  TExaS_ScopeErrLostData                 
20000020  TExaS_ScopeWrnReconfig                 
00000413  TExaS_Set                              
0000042b  TExaS_Set0                             
00000437  TExaS_Set1                             
00000443  TExaS_Set2                             
0000044f  TExaS_Set3                             
0000045b  TExaS_Set4                             
0000045d  TExaS_Set5                             
00000475  TExaS_Set6                             
00000741  TExaS_Stop                             
000003c9  TExaS_Task0                            
000003d5  TExaS_Task1                            
000003e1  TExaS_Task2                            
000003ed  TExaS_Task3                            
000003f9  TExaS_Task4                            
000003fb  TExaS_Task5                            
00000407  TExaS_Task6                            
0000039d  UART_InChar                            
00000343  UART_Init                              
000003ad  UART_OutChar                           
00001153  UsageFault_Handler                     
4000480c  WDTCTL_SYM                             
00001153  WDT_A_IRQHandler                       
0000117c  Weight                                 
20010000  __STACK_END                            
00000200  __STACK_SIZE                           
000011c8  __TI_CINIT_Base                        
000011d8  __TI_CINIT_Limit                       
000011b0  __TI_Handler_Table_Base                
000011bc  __TI_Handler_Table_Limit               
000010a5  __TI_auto_init_nobinit_nopinit         
0000103d  __TI_decompress_lzss                   
00001139  __TI_decompress_none                   
ffffffff  __TI_pprof_out_hndl                    
ffffffff  __TI_prof_data_size                    
ffffffff  __TI_prof_data_start                   
00000000  __TI_static_base__                     
0000111d  __TI_zero_init_nomemset                
00000fa1  __aeabi_memcpy                         
00000fa1  __aeabi_memcpy4                        
00000fa1  __aeabi_memcpy8                        
ffffffff  __binit__                              
ffffffff  __c_args__                             
UNDEFED   __mpu_init                             
2000fe00  __stack                                
000010e9  _c_int00_noargs                        
UNDEFED   _system_post_cinit                     
00001155  _system_pre_init                       
00001159  abort                                  
ffffffff  binit                                  
00000bf5  delay                                  
00000000  interruptVectors                       
00000cdd  main                                   
00000d0d  main2                                  
00000dad  main3                                  
00000fa1  memcpy                                 


GLOBAL SYMBOLS: SORTED BY Symbol Address 

address   name                                   
-------   ----                                   
00000000  __TI_static_base__                     
00000000  interruptVectors                       
000000e5  LogicAnalyzer                          
000000ef  LogicAnalyzer_P1                       
000000fd  LogicAnalyzer_P2                       
0000010b  LogicAnalyzer_P2_7654                  
0000011b  LogicAnalyzer_P3                       
00000129  LogicAnalyzer_P4                       
00000137  LogicAnalyzer_P4_765432                
00000147  LogicAnalyzer_P4_765320                
0000017f  LogicAnalyzer_P5                       
0000018d  LogicAnalyzer_P6                       
0000019b  LogicAnalyzer_P7                       
000001a9  LogicAnalyzer_P8                       
000001b7  LogicAnalyzer_P9                       
000001c5  LogicAnalyzer_P10                      
000001d3  LogicAnalyzer_P27_P26_P82_P92_P104_P105
00000200  __STACK_SIZE                           
0000020b  LogicAnalyzer_P55_P54_P27_P26_P37_P36  
00000235  Scope                                  
000002b9  PeriodicTask2_Init                     
00000323  T32_INT1_IRQHandler                    
00000323  T32_INT1_IRQHandler                    
00000333  PeriodicTask2_Stop                     
00000343  UART_Init                              
0000039d  UART_InChar                            
000003ad  UART_OutChar                           
000003c9  TExaS_Task0                            
000003d5  TExaS_Task1                            
000003e1  TExaS_Task2                            
000003ed  TExaS_Task3                            
000003f9  TExaS_Task4                            
000003fb  TExaS_Task5                            
00000407  TExaS_Task6                            
00000413  TExaS_Set                              
0000042b  TExaS_Set0                             
00000437  TExaS_Set1                             
00000443  TExaS_Set2                             
0000044f  TExaS_Set3                             
0000045b  TExaS_Set4                             
0000045d  TExaS_Set5                             
00000475  TExaS_Set6                             
00000485  TExaS_Clear0                           
00000491  TExaS_Clear1                           
000004a5  TExaS_Clear2                           
000004b1  TExaS_Clear3                           
000004bd  TExaS_Clear4                           
000004bf  TExaS_Clear5                           
000004cb  TExaS_Clear6                           
000004f1  ADC_Init                               
000005b5  TExaS_Init                             
00000741  TExaS_Stop                             
000007ad  SystemCoreClockUpdate                  
00000a21  SystemInit                             
00000ad9  Clock_Init48MHz                        
00000bef  Clock_GetFreq                          
00000bf5  delay                                  
00000c03  Clock_Delay1us                         
00000c2d  Clock_Delay1ms                         
00000cb9  Program6_1                             
00000cdd  main                                   
00000d0d  main2                                  
00000dad  main3                                  
00000e65  Reflectance_Init                       
00000ea1  Reflectance_Read                       
00000ebd  Reflectance_Center                     
00000ec9  Reflectance_Position                   
00000f2f  Reflectance_Start                      
00000f55  Reflectance_End                        
00000fa1  __aeabi_memcpy                         
00000fa1  __aeabi_memcpy4                        
00000fa1  __aeabi_memcpy8                        
00000fa1  memcpy                                 
0000103d  __TI_decompress_lzss                   
000010a5  __TI_auto_init_nobinit_nopinit         
000010e9  _c_int00_noargs                        
0000111d  __TI_zero_init_nomemset                
00001139  __TI_decompress_none                   
00001147  Reset_Handler                          
00001153  ADC14_IRQHandler                       
00001153  AES256_IRQHandler                      
00001153  BusFault_Handler                       
00001153  COMP_E0_IRQHandler                     
00001153  COMP_E1_IRQHandler                     
00001153  CS_IRQHandler                          
00001153  DMA_ERR_IRQHandler                     
00001153  DMA_INT0_IRQHandler                    
00001153  DMA_INT1_IRQHandler                    
00001153  DMA_INT2_IRQHandler                    
00001153  DMA_INT3_IRQHandler                    
00001153  DebugMon_Handler                       
00001153  Default_Handler                        
00001153  EUSCIA0_IRQHandler                     
00001153  EUSCIA1_IRQHandler                     
00001153  EUSCIA2_IRQHandler                     
00001153  EUSCIA3_IRQHandler                     
00001153  EUSCIB0_IRQHandler                     
00001153  EUSCIB1_IRQHandler                     
00001153  EUSCIB2_IRQHandler                     
00001153  EUSCIB3_IRQHandler                     
00001153  FLCTL_IRQHandler                       
00001153  FPU_IRQHandler                         
00001153  HardFault_Handler                      
00001153  MemManage_Handler                      
00001153  NMI_Handler                            
00001153  PCM_IRQHandler                         
00001153  PORT1_IRQHandler                       
00001153  PORT2_IRQHandler                       
00001153  PORT3_IRQHandler                       
00001153  PORT4_IRQHandler                       
00001153  PORT5_IRQHandler                       
00001153  PORT6_IRQHandler                       
00001153  PSS_IRQHandler                         
00001153  PendSV_Handler                         
00001153  RTC_C_IRQHandler                       
00001153  SVC_Handler                            
00001153  SysTick_Handler                        
00001153  T32_INT2_IRQHandler                    
00001153  T32_INTC_IRQHandler                    
00001153  TA0_0_IRQHandler                       
00001153  TA0_N_IRQHandler                       
00001153  TA1_0_IRQHandler                       
00001153  TA1_N_IRQHandler                       
00001153  TA2_0_IRQHandler                       
00001153  TA2_N_IRQHandler                       
00001153  TA3_0_IRQHandler                       
00001153  TA3_N_IRQHandler                       
00001153  UsageFault_Handler                     
00001153  WDT_A_IRQHandler                       
00001155  _system_pre_init                       
00001159  C$$EXIT                                
00001159  abort                                  
0000115c  Mask                                   
0000117c  Weight                                 
000011b0  __TI_Handler_Table_Base                
000011bc  __TI_Handler_Table_Limit               
000011c8  __TI_CINIT_Base                        
000011d8  __TI_CINIT_Limit                       
20000000  ClockFrequency                         
20000004  Prewait                                
20000008  CPMwait                                
2000000c  Postwait                               
20000010  IFlags                                 
20000014  Crystalstable                          
20000018  TExaS_ScopeErrLostData                 
2000001c  TExaS_ScopeErrConflict                 
20000020  TExaS_ScopeWrnReconfig                 
20000024  SystemCoreClock                        
20000028  PeriodicTask2                          
2000002c  Position                               
20000030  Data                                   
20000031  LogicData                              
2000fe00  __stack                                
20010000  __STACK_END                            
4000480c  WDTCTL_SYM                             
ffffffff  __TI_pprof_out_hndl                    
ffffffff  __TI_prof_data_size                    
ffffffff  __TI_prof_data_start                   
ffffffff  __binit__                              
ffffffff  __c_args__                             
ffffffff  binit                                  
UNDEFED   __mpu_init                             
UNDEFED   _system_post_cinit                     

[163 symbols]
